179.43.168.146 - - [13/Nov/2024:22:23:02 +0000] "GET /js/.git/config HTTP/1.1" 404 134 "-" "l9explore/1.2.2"
179.43.168.146 - - [13/Nov/2024:22:23:04 +0000] "GET /docker-compose.prod.yml HTTP/1.1" 404 134 "-" "l9explore/1.2.2"
179.43.168.146 - - [13/Nov/2024:22:23:04 +0000] "GET /.env.dev HTTP/1.1" 404 134 "-" "l9explore/1.2.2"
179.43.168.146 - - [13/Nov/2024:22:23:05 +0000] "GET /.env.live HTTP/1.1" 404 134 "-" "l9explore/1.2.2"
179.43.168.146 - - [13/Nov/2024:22:23:06 +0000] "GET /.envrc HTTP/1.1" 404 134 "-" "l9explore/1.2.2"
179.43.168.146 - - [13/Nov/2024:22:23:07 +0000] "GET /src/.git/config HTTP/1.1" 404 134 "-" "l9explore/1.2.2"
179.43.168.146 - - [13/Nov/2024:22:23:07 +0000] "GET /config/environment.rb HTTP/1.1" 404 134 "-" "l9explore/1.2.2"
179.43.168.146 - - [13/Nov/2024:22:23:08 +0000] "GET /dev/.git/config HTTP/1.1" 404 134 "-" "l9explore/1.2.2"
179.43.168.146 - - [13/Nov/2024:22:23:09 +0000] "GET /.env.old HTTP/1.1" 404 134 "-" "l9explore/1.2.2"
179.43.168.146 - - [13/Nov/2024:22:23:09 +0000] "GET /pinfo.php HTTP/1.1" 404 134 "-" "l9explore/1.2.2"
179.43.168.146 - - [13/Nov/2024:22:23:10 +0000] "GET /_profiler/phpinfo.php HTTP/1.1" 404 134 "-" "l9explore/1.2.2"
179.43.168.146 - - [13/Nov/2024:22:23:10 +0000] "GET /server/.git/config HTTP/1.1" 404 134 "-" "l9explore/1.2.2"
179.43.168.146 - - [13/Nov/2024:22:23:11 +0000] "GET /php_info.php HTTP/1.1" 404 134 "-" "l9explore/1.2.2"
179.43.168.146 - - [13/Nov/2024:22:23:12 +0000] "GET /assets../.git/config HTTP/1.1" 404 134 "-" "l9explore/1.2.2"
179.43.168.146 - - [13/Nov/2024:22:23:13 +0000] "GET /.env HTTP/1.1" 404 134 "-" "l9explore/1.2.2"
179.43.168.146 - - [13/Nov/2024:22:23:14 +0000] "GET /.env.production.local HTTP/1.1" 404 134 "-" "l9explore/1.2.2"
179.43.168.146 - - [13/Nov/2024:22:23:14 +0000] "GET /.env.stage HTTP/1.1" 404 134 "-" "l9explore/1.2.2"
179.43.168.146 - - [13/Nov/2024:22:23:15 +0000] "GET /php-info.php HTTP/1.1" 404 134 "-" "l9explore/1.2.2"
179.43.168.146 - - [13/Nov/2024:22:23:16 +0000] "GET /media../.git/config HTTP/1.1" 404 134 "-" "l9explore/1.2.2"
179.43.168.146 - - [13/Nov/2024:22:23:17 +0000] "GET /dashboard/phpinfo.php HTTP/1.1" 404 134 "-" "l9explore/1.2.2"
179.43.168.146 - - [13/Nov/2024:22:23:18 +0000] "GET /.env.production HTTP/1.1" 404 134 "-" "l9explore/1.2.2"
179.43.168.146 - - [13/Nov/2024:22:23:19 +0000] "GET /old_phpinfo.php HTTP/1.1" 404 134 "-" "l9explore/1.2.2"
179.43.168.146 - - [13/Nov/2024:22:23:19 +0000] "GET /config/.env HTTP/1.1" 404 134 "-" "l9explore/1.2.2"
179.43.168.146 - - [13/Nov/2024:22:23:20 +0000] "GET /.travis.yml HTTP/1.1" 404 134 "-" "l9explore/1.2.2"
179.43.168.146 - - [13/Nov/2024:22:23:21 +0000] "GET /config.yml HTTP/1.1" 404 134 "-" "l9explore/1.2.2"
179.43.168.146 - - [13/Nov/2024:22:23:22 +0000] "GET /.env.backup HTTP/1.1" 404 134 "-" "l9explore/1.2.2"
179.43.168.146 - - [13/Nov/2024:22:23:22 +0000] "GET /.env.prod.local HTTP/1.1" 404 134 "-" "l9explore/1.2.2"
179.43.168.146 - - [13/Nov/2024:22:23:23 +0000] "GET /api/.env HTTP/1.1" 404 134 "-" "l9explore/1.2.2"
179.43.168.146 - - [13/Nov/2024:22:23:24 +0000] "GET /.aws/credentials HTTP/1.1" 404 134 "-" "l9explore/1.2.2"
179.43.168.146 - - [13/Nov/2024:22:23:25 +0000] "GET /www/.git/config HTTP/1.1" 404 134 "-" "l9explore/1.2.2"
179.43.168.146 - - [13/Nov/2024:22:23:26 +0000] "GET /media/.git/config HTTP/1.1" 404 134 "-" "l9explore/1.2.2"
179.43.168.146 - - [13/Nov/2024:22:23:26 +0000] "GET /.env.example HTTP/1.1" 404 134 "-" "l9explore/1.2.2"
179.43.168.146 - - [13/Nov/2024:22:23:27 +0000] "GET /.env.local HTTP/1.1" 404 134 "-" "l9explore/1.2.2"
179.43.168.146 - - [13/Nov/2024:22:23:28 +0000] "GET /config.json HTTP/1.1" 404 134 "-" "l9explore/1.2.2"
179.43.168.146 - - [13/Nov/2024:22:23:29 +0000] "GET /api/.git/config HTTP/1.1" 404 134 "-" "l9explore/1.2.2"
179.43.168.146 - - [13/Nov/2024:22:23:30 +0000] "GET /.gitlab-ci.yml HTTP/1.1" 404 134 "-" "l9explore/1.2.2"
179.43.168.146 - - [13/Nov/2024:22:23:30 +0000] "GET /.env.dev.local HTTP/1.1" 404 134 "-" "l9explore/1.2.2"
179.43.168.146 - - [13/Nov/2024:22:23:31 +0000] "GET /.env.development.local HTTP/1.1" 404 134 "-" "l9explore/1.2.2"
179.43.168.146 - - [13/Nov/2024:22:23:32 +0000] "GET /.git/config HTTP/1.1" 200 260 "-" "l9explore/1.2.2"
179.43.168.146 - - [13/Nov/2024:22:23:32 +0000] "GET /public/.git/config HTTP/1.1" 404 134 "-" "l9explore/1.2.2"
179.43.168.146 - - [13/Nov/2024:22:23:33 +0000] "GET /static../.git/config HTTP/1.1" 404 134 "-" "l9explore/1.2.2"
179.43.168.146 - - [13/Nov/2024:22:23:34 +0000] "GET /data/.git/config HTTP/1.1" 404 134 "-" "l9explore/1.2.2"
189.40.68.51 - - [13/Nov/2024:22:25:26 +0000] "GET / HTTP/1.1" 200 1103 "-" "Mozilla/5.0 (Windows NT 10.0; Win64; x64) AppleWebKit/537.36 (KHTML, like Gecko) Chrome/130.0.0.0 Safari/537.36"
189.40.68.51 - - [13/Nov/2024:22:25:31 +0000] "GET /preform.php HTTP/1.1" 200 846 "https://mentorlink.myvnc.com/" "Mozilla/5.0 (Windows NT 10.0; Win64; x64) AppleWebKit/537.36 (KHTML, like Gecko) Chrome/130.0.0.0 Safari/537.36"
189.40.68.51 - - [13/Nov/2024:22:25:33 +0000] "GET /form.php HTTP/1.1" 200 1602 "https://mentorlink.myvnc.com/preform.php" "Mozilla/5.0 (Windows NT 10.0; Win64; x64) AppleWebKit/537.36 (KHTML, like Gecko) Chrome/130.0.0.0 Safari/537.36"
189.40.68.51 - - [13/Nov/2024:22:25:53 +0000] "GET /form.php?=dados HTTP/1.1" 200 1602 "-" "Mozilla/5.0 (Windows NT 10.0; Win64; x64) AppleWebKit/537.36 (KHTML, like Gecko) Chrome/130.0.0.0 Safari/537.36"
189.40.68.51 - - [13/Nov/2024:22:25:58 +0000] "GET /result.php?=dados HTTP/1.1" 302 2927 "-" "Mozilla/5.0 (Windows NT 10.0; Win64; x64) AppleWebKit/537.36 (KHTML, like Gecko) Chrome/130.0.0.0 Safari/537.36"
189.40.68.51 - - [13/Nov/2024:22:25:58 +0000] "GET /index.php HTTP/1.1" 200 1103 "-" "Mozilla/5.0 (Windows NT 10.0; Win64; x64) AppleWebKit/537.36 (KHTML, like Gecko) Chrome/130.0.0.0 Safari/537.36"
189.40.68.51 - - [13/Nov/2024:22:26:00 +0000] "GET /preform.php HTTP/1.1" 200 846 "https://mentorlink.myvnc.com/index.php" "Mozilla/5.0 (Windows NT 10.0; Win64; x64) AppleWebKit/537.36 (KHTML, like Gecko) Chrome/130.0.0.0 Safari/537.36"
189.40.68.51 - - [13/Nov/2024:22:26:02 +0000] "GET /form.php HTTP/1.1" 200 1602 "https://mentorlink.myvnc.com/preform.php" "Mozilla/5.0 (Windows NT 10.0; Win64; x64) AppleWebKit/537.36 (KHTML, like Gecko) Chrome/130.0.0.0 Safari/537.36"
189.40.68.51 - - [13/Nov/2024:22:26:07 +0000] "POST /processa_form.php HTTP/1.1" 302 5 "https://mentorlink.myvnc.com/form.php" "Mozilla/5.0 (Windows NT 10.0; Win64; x64) AppleWebKit/537.36 (KHTML, like Gecko) Chrome/130.0.0.0 Safari/537.36"
189.40.68.51 - - [13/Nov/2024:22:26:08 +0000] "GET /result.php?area=desenvolvimento HTTP/1.1" 200 1150 "https://mentorlink.myvnc.com/form.php" "Mozilla/5.0 (Windows NT 10.0; Win64; x64) AppleWebKit/537.36 (KHTML, like Gecko) Chrome/130.0.0.0 Safari/537.36"
189.40.68.51 - - [13/Nov/2024:22:26:10 +0000] "GET /img/matheus-camargo.png HTTP/1.1" 200 213319 "https://mentorlink.myvnc.com/result.php?area=desenvolvimento" "Mozilla/5.0 (Windows NT 10.0; Win64; x64) AppleWebKit/537.36 (KHTML, like Gecko) Chrome/130.0.0.0 Safari/537.36"
189.40.68.51 - - [13/Nov/2024:22:26:10 +0000] "GET /img/ana-monica.png HTTP/1.1" 200 182581 "https://mentorlink.myvnc.com/result.php?area=desenvolvimento" "Mozilla/5.0 (Windows NT 10.0; Win64; x64) AppleWebKit/537.36 (KHTML, like Gecko) Chrome/130.0.0.0 Safari/537.36"
189.40.68.51 - - [13/Nov/2024:22:26:11 +0000] "GET /result.php?area=dados HTTP/1.1" 200 1137 "-" "Mozilla/5.0 (Windows NT 10.0; Win64; x64) AppleWebKit/537.36 (KHTML, like Gecko) Chrome/130.0.0.0 Safari/537.36"
189.40.68.51 - - [13/Nov/2024:22:29:42 +0000] "GET / HTTP/1.1" 200 1103 "-" "Mozilla/5.0 (Windows NT 10.0; Win64; x64) AppleWebKit/537.36 (KHTML, like Gecko) Chrome/130.0.0.0 Safari/537.36"
189.40.68.51 - - [13/Nov/2024:22:29:47 +0000] "GET /result.php?area=dados HTTP/1.1" 200 1137 "-" "Mozilla/5.0 (Windows NT 10.0; Win64; x64) AppleWebKit/537.36 (KHTML, like Gecko) Chrome/130.0.0.0 Safari/537.36"
189.40.68.51 - - [13/Nov/2024:22:29:47 +0000] "GET /img/icon.png HTTP/1.1" 304 0 "https://mentorlink.myvnc.com/result.php?area=dados" "Mozilla/5.0 (Windows NT 10.0; Win64; x64) AppleWebKit/537.36 (KHTML, like Gecko) Chrome/130.0.0.0 Safari/537.36"
189.40.68.51 - - [13/Nov/2024:22:29:48 +0000] "GET /result.php?area=dados HTTP/1.1" 200 1137 "-" "Mozilla/5.0 (Windows NT 10.0; Win64; x64) AppleWebKit/537.36 (KHTML, like Gecko) Chrome/130.0.0.0 Safari/537.36"
189.40.68.51 - - [13/Nov/2024:22:29:49 +0000] "GET /result.php?area=dados HTTP/1.1" 200 1137 "-" "Mozilla/5.0 (Windows NT 10.0; Win64; x64) AppleWebKit/537.36 (KHTML, like Gecko) Chrome/130.0.0.0 Safari/537.36"
189.40.68.51 - - [13/Nov/2024:22:29:49 +0000] "GET /result.php?area=dados HTTP/1.1" 200 1137 "-" "Mozilla/5.0 (Windows NT 10.0; Win64; x64) AppleWebKit/537.36 (KHTML, like Gecko) Chrome/130.0.0.0 Safari/537.36"
189.40.68.51 - - [13/Nov/2024:22:29:50 +0000] "GET /result.php?area=dados HTTP/1.1" 200 1137 "-" "Mozilla/5.0 (Windows NT 10.0; Win64; x64) AppleWebKit/537.36 (KHTML, like Gecko) Chrome/130.0.0.0 Safari/537.36"
189.40.68.51 - - [13/Nov/2024:22:29:50 +0000] "GET /css/style.css HTTP/1.1" 200 2059 "https://mentorlink.myvnc.com/result.php?area=dados" "Mozilla/5.0 (Windows NT 10.0; Win64; x64) AppleWebKit/537.36 (KHTML, like Gecko) Chrome/130.0.0.0 Safari/537.36"
189.40.68.51 - - [13/Nov/2024:22:29:50 +0000] "GET /img/amanda-santana.png HTTP/1.1" 200 115600 "https://mentorlink.myvnc.com/result.php?area=dados" "Mozilla/5.0 (Windows NT 10.0; Win64; x64) AppleWebKit/537.36 (KHTML, like Gecko) Chrome/130.0.0.0 Safari/537.36"
189.40.68.51 - - [13/Nov/2024:22:29:51 +0000] "GET /img/julio-silveira.png HTTP/1.1" 200 154130 "https://mentorlink.myvnc.com/result.php?area=dados" "Mozilla/5.0 (Windows NT 10.0; Win64; x64) AppleWebKit/537.36 (KHTML, like Gecko) Chrome/130.0.0.0 Safari/537.36"
189.40.68.51 - - [13/Nov/2024:22:29:52 +0000] "GET /img/icon.png HTTP/1.1" 200 207395 "https://mentorlink.myvnc.com/result.php?area=dados" "Mozilla/5.0 (Windows NT 10.0; Win64; x64) AppleWebKit/537.36 (KHTML, like Gecko) Chrome/130.0.0.0 Safari/537.36"
125.228.215.41 - - [13/Nov/2024:22:30:46 +0000] "GET / HTTP/1.0" 200 1970 "-" "Mozilla/5.0 (Linux; U; Android 4.0.3; ko-kr; LG-L160L Build/IML74K) AppleWebkit/534.30 (KHTML, like Gecko) Version/4.0 Mobile Safari/534.30"
189.40.68.51 - - [13/Nov/2024:19:43:07 -0300] "GET / HTTP/1.1" 200 1103 "-" "Mozilla/5.0 (Windows NT 10.0; Win64; x64) AppleWebKit/537.36 (KHTML, like Gecko) Chrome/130.0.0.0 Safari/537.36"
189.40.68.51 - - [13/Nov/2024:19:44:20 -0300] "GET / HTTP/1.1" 200 1103 "-" "Mozilla/5.0 (Windows NT 10.0; Win64; x64) AppleWebKit/537.36 (KHTML, like Gecko) Chrome/130.0.0.0 Safari/537.36"
189.40.68.51 - - [13/Nov/2024:19:44:34 -0300] "GET /result.php?area=dados HTTP/1.1" 200 1137 "-" "Mozilla/5.0 (Windows NT 10.0; Win64; x64) AppleWebKit/537.36 (KHTML, like Gecko) Chrome/130.0.0.0 Safari/537.36"
189.40.68.51 - - [13/Nov/2024:19:44:34 -0300] "GET /img/julio-silveira.png HTTP/1.1" 304 0 "https://mentorlink.myvnc.com/result.php?area=dados" "Mozilla/5.0 (Windows NT 10.0; Win64; x64) AppleWebKit/537.36 (KHTML, like Gecko) Chrome/130.0.0.0 Safari/537.36"
189.40.68.51 - - [13/Nov/2024:19:44:37 -0300] "GET /result.php?area=dados HTTP/1.1" 200 1137 "-" "Mozilla/5.0 (Windows NT 10.0; Win64; x64) AppleWebKit/537.36 (KHTML, like Gecko) Chrome/130.0.0.0 Safari/537.36"
189.40.68.51 - - [13/Nov/2024:19:44:37 -0300] "GET /result.php?area=dados HTTP/1.1" 499 0 "-" "Mozilla/5.0 (Windows NT 10.0; Win64; x64) AppleWebKit/537.36 (KHTML, like Gecko) Chrome/130.0.0.0 Safari/537.36"
189.40.68.51 - - [13/Nov/2024:19:44:38 -0300] "GET /result.php?area=dados HTTP/1.1" 200 1137 "-" "Mozilla/5.0 (Windows NT 10.0; Win64; x64) AppleWebKit/537.36 (KHTML, like Gecko) Chrome/130.0.0.0 Safari/537.36"
189.40.68.51 - - [13/Nov/2024:19:44:39 -0300] "GET /css/style.css HTTP/1.1" 200 2059 "https://mentorlink.myvnc.com/result.php?area=dados" "Mozilla/5.0 (Windows NT 10.0; Win64; x64) AppleWebKit/537.36 (KHTML, like Gecko) Chrome/130.0.0.0 Safari/537.36"
189.40.68.51 - - [13/Nov/2024:19:44:39 -0300] "GET /img/amanda-santana.png HTTP/1.1" 200 115600 "https://mentorlink.myvnc.com/result.php?area=dados" "Mozilla/5.0 (Windows NT 10.0; Win64; x64) AppleWebKit/537.36 (KHTML, like Gecko) Chrome/130.0.0.0 Safari/537.36"
189.40.68.51 - - [13/Nov/2024:19:44:40 -0300] "GET /img/julio-silveira.png HTTP/1.1" 200 154130 "https://mentorlink.myvnc.com/result.php?area=dados" "Mozilla/5.0 (Windows NT 10.0; Win64; x64) AppleWebKit/537.36 (KHTML, like Gecko) Chrome/130.0.0.0 Safari/537.36"
189.40.68.51 - - [13/Nov/2024:19:44:41 -0300] "GET /img/icon.png HTTP/1.1" 200 207395 "https://mentorlink.myvnc.com/result.php?area=dados" "Mozilla/5.0 (Windows NT 10.0; Win64; x64) AppleWebKit/537.36 (KHTML, like Gecko) Chrome/130.0.0.0 Safari/537.36"
189.40.68.51 - - [13/Nov/2024:19:44:51 -0300] "GET /profile.php?name=julio%20Silveira HTTP/1.1" 200 2178 "https://mentorlink.myvnc.com/result.php?area=dados" "Mozilla/5.0 (Windows NT 10.0; Win64; x64) AppleWebKit/537.36 (KHTML, like Gecko) Chrome/130.0.0.0 Safari/537.36"
189.40.68.51 - - [13/Nov/2024:19:44:52 -0300] "GET /img/portfolio-julio-silveira.jpg HTTP/1.1" 200 660809 "https://mentorlink.myvnc.com/profile.php?name=julio%20Silveira" "Mozilla/5.0 (Windows NT 10.0; Win64; x64) AppleWebKit/537.36 (KHTML, like Gecko) Chrome/130.0.0.0 Safari/537.36"
189.40.68.51 - - [13/Nov/2024:19:44:52 -0300] "GET /img/lock.png HTTP/1.1" 304 0 "https://mentorlink.myvnc.com/profile.php?name=julio%20Silveira" "Mozilla/5.0 (Windows NT 10.0; Win64; x64) AppleWebKit/537.36 (KHTML, like Gecko) Chrome/130.0.0.0 Safari/537.36"
4.151.218.131 - - [13/Nov/2024:19:45:19 -0300] "GET /owa/auth/x.js HTTP/1.1" 404 134 "-" "Mozilla/5.0 zgrab/0.x"
189.40.68.51 - - [13/Nov/2024:19:48:06 -0300] "GET /profile.php?name=julio%20Silveira HTTP/1.1" 200 2182 "https://mentorlink.myvnc.com/result.php?area=dados" "Mozilla/5.0 (Windows NT 10.0; Win64; x64) AppleWebKit/537.36 (KHTML, like Gecko) Chrome/130.0.0.0 Safari/537.36"
189.40.68.51 - - [13/Nov/2024:19:48:07 -0300] "GET /img/julio-silveira.png HTTP/1.1" 304 0 "https://mentorlink.myvnc.com/profile.php?name=julio%20Silveira" "Mozilla/5.0 (Windows NT 10.0; Win64; x64) AppleWebKit/537.36 (KHTML, like Gecko) Chrome/130.0.0.0 Safari/537.36"
154.213.184.43 - - [13/Nov/2024:19:51:22 -0300] "GET / HTTP/1.1" 400 264 "-" "-"
104.28.63.166 - - [13/Nov/2024:19:54:28 -0300] "GET / HTTP/1.1" 200 1103 "-" "Mozilla/5.0 (iPhone; CPU iPhone OS 18_0 like Mac OS X) AppleWebKit/605.1.15 (KHTML, like Gecko) Version/18.0 Mobile/15E148 Safari/604.1"
104.28.63.166 - - [13/Nov/2024:19:54:29 -0300] "GET /result.php?area=dados HTTP/1.1" 200 1137 "https://mentorlink.myvnc.com/form.php" "Mozilla/5.0 (iPhone; CPU iPhone OS 18_0 like Mac OS X) AppleWebKit/605.1.15 (KHTML, like Gecko) Version/18.0 Mobile/15E148 Safari/604.1"
104.28.63.166 - - [13/Nov/2024:19:54:31 -0300] "GET /preform.php HTTP/1.1" 200 846 "https://mentorlink.myvnc.com/" "Mozilla/5.0 (iPhone; CPU iPhone OS 18_0 like Mac OS X) AppleWebKit/605.1.15 (KHTML, like Gecko) Version/18.0 Mobile/15E148 Safari/604.1"
104.28.63.166 - - [13/Nov/2024:19:54:38 -0300] "GET /preform.php HTTP/1.1" 200 846 "https://mentorlink.myvnc.com/" "Mozilla/5.0 (iPhone; CPU iPhone OS 18_0 like Mac OS X) AppleWebKit/605.1.15 (KHTML, like Gecko) Version/18.0 Mobile/15E148 Safari/604.1"
104.28.63.166 - - [13/Nov/2024:19:54:41 -0300] "GET /form.php HTTP/1.1" 200 1602 "https://mentorlink.myvnc.com/preform.php" "Mozilla/5.0 (iPhone; CPU iPhone OS 18_0 like Mac OS X) AppleWebKit/605.1.15 (KHTML, like Gecko) Version/18.0 Mobile/15E148 Safari/604.1"
104.28.63.166 - - [13/Nov/2024:19:55:09 -0300] "POST /processa_form.php HTTP/1.1" 302 5 "https://mentorlink.myvnc.com/form.php" "Mozilla/5.0 (iPhone; CPU iPhone OS 18_0 like Mac OS X) AppleWebKit/605.1.15 (KHTML, like Gecko) Version/18.0 Mobile/15E148 Safari/604.1"
104.28.63.166 - - [13/Nov/2024:19:55:10 -0300] "GET /result.php?area=desenvolvimento HTTP/1.1" 200 1150 "https://mentorlink.myvnc.com/form.php" "Mozilla/5.0 (iPhone; CPU iPhone OS 18_0 like Mac OS X) AppleWebKit/605.1.15 (KHTML, like Gecko) Version/18.0 Mobile/15E148 Safari/604.1"
104.28.63.166 - - [13/Nov/2024:19:55:10 -0300] "GET /img/ana-monica.png HTTP/1.1" 304 0 "https://mentorlink.myvnc.com/result.php?area=desenvolvimento" "Mozilla/5.0 (iPhone; CPU iPhone OS 18_0 like Mac OS X) AppleWebKit/605.1.15 (KHTML, like Gecko) Version/18.0 Mobile/15E148 Safari/604.1"
104.28.63.166 - - [13/Nov/2024:19:55:10 -0300] "GET /img/matheus-camargo.png HTTP/1.1" 304 0 "https://mentorlink.myvnc.com/result.php?area=desenvolvimento" "Mozilla/5.0 (iPhone; CPU iPhone OS 18_0 like Mac OS X) AppleWebKit/605.1.15 (KHTML, like Gecko) Version/18.0 Mobile/15E148 Safari/604.1"
104.28.63.166 - - [13/Nov/2024:19:55:14 -0300] "GET /profile.php?name=Matheus%20Camargo HTTP/1.1" 200 2273 "-" "Mozilla/5.0 (iPhone; CPU iPhone OS 18_0 like Mac OS X) AppleWebKit/605.1.15 (KHTML, like Gecko) Version/18.0 Mobile/15E148 Safari/604.1"
104.28.63.166 - - [13/Nov/2024:19:55:15 -0300] "GET /img/lock.png HTTP/1.1" 304 0 "https://mentorlink.myvnc.com/profile.php?name=Matheus%20Camargo" "Mozilla/5.0 (iPhone; CPU iPhone OS 18_0 like Mac OS X) AppleWebKit/605.1.15 (KHTML, like Gecko) Version/18.0 Mobile/15E148 Safari/604.1"
104.28.63.166 - - [13/Nov/2024:19:55:15 -0300] "GET /img/portfolio-matheus-camargo.jpg HTTP/1.1" 304 0 "https://mentorlink.myvnc.com/profile.php?name=Matheus%20Camargo" "Mozilla/5.0 (iPhone; CPU iPhone OS 18_0 like Mac OS X) AppleWebKit/605.1.15 (KHTML, like Gecko) Version/18.0 Mobile/15E148 Safari/604.1"
104.28.63.166 - - [13/Nov/2024:19:55:48 -0300] "POST /processa_form.php HTTP/1.1" 302 5 "https://mentorlink.myvnc.com/form.php" "Mozilla/5.0 (iPhone; CPU iPhone OS 18_0 like Mac OS X) AppleWebKit/605.1.15 (KHTML, like Gecko) Version/18.0 Mobile/15E148 Safari/604.1"
104.28.63.166 - - [13/Nov/2024:19:55:49 -0300] "GET /result.php?area=dados HTTP/1.1" 200 1137 "https://mentorlink.myvnc.com/form.php" "Mozilla/5.0 (iPhone; CPU iPhone OS 18_0 like Mac OS X) AppleWebKit/605.1.15 (KHTML, like Gecko) Version/18.0 Mobile/15E148 Safari/604.1"
177.51.199.105 - - [13/Nov/2024:19:56:38 -0300] "GET / HTTP/1.1" 200 1103 "-" "WhatsApp/2.23.20.0"
177.51.195.206 - - [13/Nov/2024:19:58:14 -0300] "GET / HTTP/1.1" 200 1103 "-" "Mozilla/5.0 (Linux; Android 10; K) AppleWebKit/537.36 (KHTML, like Gecko) Chrome/130.0.0.0 Mobile Safari/537.36"
177.51.195.206 - - [13/Nov/2024:19:58:14 -0300] "GET /css/style.css HTTP/1.1" 200 2059 "https://mentorlink.myvnc.com/" "Mozilla/5.0 (Linux; Android 10; K) AppleWebKit/537.36 (KHTML, like Gecko) Chrome/130.0.0.0 Mobile Safari/537.36"
177.51.195.206 - - [13/Nov/2024:19:58:15 -0300] "GET /img/logo-background.png HTTP/1.1" 200 277222 "https://mentorlink.myvnc.com/css/style.css" "Mozilla/5.0 (Linux; Android 10; K) AppleWebKit/537.36 (KHTML, like Gecko) Chrome/130.0.0.0 Mobile Safari/537.36"
189.40.68.234 - - [13/Nov/2024:19:58:15 -0300] "GET / HTTP/1.1" 200 1103 "-" "Mozilla/5.0 (Linux; Android 10; K) AppleWebKit/537.36 (KHTML, like Gecko) Chrome/130.0.0.0 Mobile Safari/537.36"
189.40.68.234 - - [13/Nov/2024:19:58:15 -0300] "GET /css/style.css HTTP/1.1" 200 2059 "https://mentorlink.myvnc.com/" "Mozilla/5.0 (Linux; Android 10; K) AppleWebKit/537.36 (KHTML, like Gecko) Chrome/130.0.0.0 Mobile Safari/537.36"
177.51.195.206 - - [13/Nov/2024:19:58:16 -0300] "GET /img/icon.png HTTP/1.1" 200 207395 "https://mentorlink.myvnc.com/" "Mozilla/5.0 (Linux; Android 10; K) AppleWebKit/537.36 (KHTML, like Gecko) Chrome/130.0.0.0 Mobile Safari/537.36"
177.51.195.206 - - [13/Nov/2024:19:58:17 -0300] "GET /preform.php HTTP/1.1" 200 846 "https://mentorlink.myvnc.com/" "Mozilla/5.0 (Linux; Android 10; K) AppleWebKit/537.36 (KHTML, like Gecko) Chrome/130.0.0.0 Mobile Safari/537.36"
189.40.68.234 - - [13/Nov/2024:19:58:17 -0300] "GET /img/logo-background.png HTTP/1.1" 200 277222 "https://mentorlink.myvnc.com/css/style.css" "Mozilla/5.0 (Linux; Android 10; K) AppleWebKit/537.36 (KHTML, like Gecko) Chrome/130.0.0.0 Mobile Safari/537.36"
191.245.71.1 - - [13/Nov/2024:19:58:17 -0300] "GET / HTTP/1.1" 200 1103 "-" "Mozilla/5.0 (Linux; Android 10; K) AppleWebKit/537.36 (KHTML, like Gecko) Chrome/130.0.0.0 Mobile Safari/537.36"
191.245.71.1 - - [13/Nov/2024:19:58:17 -0300] "GET /css/style.css HTTP/1.1" 200 2059 "https://mentorlink.myvnc.com/" "Mozilla/5.0 (Linux; Android 10; K) AppleWebKit/537.36 (KHTML, like Gecko) Chrome/130.0.0.0 Mobile Safari/537.36"
189.40.68.234 - - [13/Nov/2024:19:58:18 -0300] "GET /img/icon.png HTTP/1.1" 200 207395 "https://mentorlink.myvnc.com/" "Mozilla/5.0 (Linux; Android 10; K) AppleWebKit/537.36 (KHTML, like Gecko) Chrome/130.0.0.0 Mobile Safari/537.36"
191.245.71.1 - - [13/Nov/2024:19:58:18 -0300] "GET /img/logo-background.png HTTP/1.1" 200 277222 "https://mentorlink.myvnc.com/css/style.css" "Mozilla/5.0 (Linux; Android 10; K) AppleWebKit/537.36 (KHTML, like Gecko) Chrome/130.0.0.0 Mobile Safari/537.36"
189.85.81.133 - - [13/Nov/2024:19:58:18 -0300] "GET / HTTP/1.1" 200 1103 "https://www.google.com/" "Mozilla/5.0 (Linux; Android 10; K) AppleWebKit/537.36 (KHTML, like Gecko) Chrome/117.0.0.0 Mobile Safari/537.36"
189.85.81.133 - - [13/Nov/2024:19:58:18 -0300] "GET /css/style.css HTTP/1.1" 200 2059 "https://mentorlink.myvnc.com/" "Mozilla/5.0 (Linux; Android 10; K) AppleWebKit/537.36 (KHTML, like Gecko) Chrome/117.0.0.0 Mobile Safari/537.36"
177.51.195.206 - - [13/Nov/2024:19:58:18 -0300] "GET /form.php HTTP/1.1" 200 1602 "https://mentorlink.myvnc.com/preform.php" "Mozilla/5.0 (Linux; Android 10; K) AppleWebKit/537.36 (KHTML, like Gecko) Chrome/130.0.0.0 Mobile Safari/537.36"
191.245.71.1 - - [13/Nov/2024:19:58:19 -0300] "GET /img/icon.png HTTP/1.1" 200 207395 "https://mentorlink.myvnc.com/" "Mozilla/5.0 (Linux; Android 10; K) AppleWebKit/537.36 (KHTML, like Gecko) Chrome/130.0.0.0 Mobile Safari/537.36"
189.85.81.133 - - [13/Nov/2024:19:58:20 -0300] "GET /img/logo-background.png HTTP/1.1" 200 277222 "https://mentorlink.myvnc.com/css/style.css" "Mozilla/5.0 (Linux; Android 10; K) AppleWebKit/537.36 (KHTML, like Gecko) Chrome/117.0.0.0 Mobile Safari/537.36"
189.40.68.234 - - [13/Nov/2024:19:58:23 -0300] "GET /preform.php HTTP/1.1" 200 846 "https://mentorlink.myvnc.com/" "Mozilla/5.0 (Linux; Android 10; K) AppleWebKit/537.36 (KHTML, like Gecko) Chrome/130.0.0.0 Mobile Safari/537.36"
189.40.68.161 - - [13/Nov/2024:19:58:25 -0300] "GET / HTTP/1.1" 200 1103 "-" "Mozilla/5.0 (iPhone; CPU iPhone OS 17_2_1 like Mac OS X) AppleWebKit/605.1.15 (KHTML, like Gecko) Version/17.2 Mobile/15E148 Safari/604.1"
189.40.68.161 - - [13/Nov/2024:19:58:25 -0300] "GET /css/style.css HTTP/1.1" 200 2059 "https://mentorlink.myvnc.com/" "Mozilla/5.0 (iPhone; CPU iPhone OS 17_2_1 like Mac OS X) AppleWebKit/605.1.15 (KHTML, like Gecko) Version/17.2 Mobile/15E148 Safari/604.1"
179.68.118.132 - - [13/Nov/2024:19:58:26 -0300] "GET / HTTP/1.1" 200 1103 "-" "Mozilla/5.0 (Linux; Android 10; K) AppleWebKit/537.36 (KHTML, like Gecko) Chrome/130.0.0.0 Mobile Safari/537.36"
179.68.118.132 - - [13/Nov/2024:19:58:26 -0300] "GET /css/style.css HTTP/1.1" 200 2059 "https://mentorlink.myvnc.com/" "Mozilla/5.0 (Linux; Android 10; K) AppleWebKit/537.36 (KHTML, like Gecko) Chrome/130.0.0.0 Mobile Safari/537.36"
191.245.71.1 - - [13/Nov/2024:19:58:26 -0300] "GET / HTTP/1.1" 200 1103 "-" "Mozilla/5.0 (Linux; Android 10; K) AppleWebKit/537.36 (KHTML, like Gecko) Chrome/130.0.0.0 Mobile Safari/537.36"
179.68.118.132 - - [13/Nov/2024:19:58:27 -0300] "GET /img/logo-background.png HTTP/1.1" 200 277222 "https://mentorlink.myvnc.com/css/style.css" "Mozilla/5.0 (Linux; Android 10; K) AppleWebKit/537.36 (KHTML, like Gecko) Chrome/130.0.0.0 Mobile Safari/537.36"
189.40.68.161 - - [13/Nov/2024:19:58:27 -0300] "GET /img/logo-background.png HTTP/1.1" 200 277222 "https://mentorlink.myvnc.com/" "Mozilla/5.0 (iPhone; CPU iPhone OS 17_2_1 like Mac OS X) AppleWebKit/605.1.15 (KHTML, like Gecko) Version/17.2 Mobile/15E148 Safari/604.1"
189.40.68.161 - - [13/Nov/2024:19:58:28 -0300] "GET /img/icon.png HTTP/1.1" 200 207395 "https://mentorlink.myvnc.com/" "Mozilla/5.0 (iPhone; CPU iPhone OS 17_2_1 like Mac OS X) AppleWebKit/605.1.15 (KHTML, like Gecko) Version/17.2 Mobile/15E148 Safari/604.1"
179.68.118.132 - - [13/Nov/2024:19:58:28 -0300] "GET /img/icon.png HTTP/1.1" 200 207395 "https://mentorlink.myvnc.com/" "Mozilla/5.0 (Linux; Android 10; K) AppleWebKit/537.36 (KHTML, like Gecko) Chrome/130.0.0.0 Mobile Safari/537.36"
191.245.71.1 - - [13/Nov/2024:19:58:29 -0300] "GET /preform.php HTTP/1.1" 200 846 "https://mentorlink.myvnc.com/" "Mozilla/5.0 (Linux; Android 10; K) AppleWebKit/537.36 (KHTML, like Gecko) Chrome/130.0.0.0 Mobile Safari/537.36"
189.40.68.234 - - [13/Nov/2024:19:58:29 -0300] "GET /form.php HTTP/1.1" 200 1602 "https://mentorlink.myvnc.com/preform.php" "Mozilla/5.0 (Linux; Android 10; K) AppleWebKit/537.36 (KHTML, like Gecko) Chrome/130.0.0.0 Mobile Safari/537.36"
177.51.195.206 - - [13/Nov/2024:19:58:29 -0300] "GET /preform.php HTTP/1.1" 200 846 "https://mentorlink.myvnc.com/" "Mozilla/5.0 (Linux; Android 10; K) AppleWebKit/537.36 (KHTML, like Gecko) Chrome/130.0.0.0 Mobile Safari/537.36"
200.208.79.82 - - [13/Nov/2024:19:58:29 -0300] "GET / HTTP/1.1" 200 1103 "-" "Mozilla/5.0 (Windows NT 10.0; Win64; x64) AppleWebKit/537.36 (KHTML, like Gecko) Chrome/128.0.0.0 Safari/537.36 OPR/114.0.0.0"
200.208.79.82 - - [13/Nov/2024:19:58:30 -0300] "GET /css/style.css HTTP/1.1" 200 2059 "http://mentorlink.myvnc.com/" "Mozilla/5.0 (Windows NT 10.0; Win64; x64) AppleWebKit/537.36 (KHTML, like Gecko) Chrome/128.0.0.0 Safari/537.36 OPR/114.0.0.0"
189.40.68.161 - - [13/Nov/2024:19:58:30 -0300] "GET /preform.php HTTP/1.1" 200 846 "https://mentorlink.myvnc.com/" "Mozilla/5.0 (iPhone; CPU iPhone OS 17_2_1 like Mac OS X) AppleWebKit/605.1.15 (KHTML, like Gecko) Version/17.2 Mobile/15E148 Safari/604.1"
200.208.79.82 - - [13/Nov/2024:19:58:30 -0300] "GET /img/logo-background.png HTTP/1.1" 200 277222 "http://mentorlink.myvnc.com/css/style.css" "Mozilla/5.0 (Windows NT 10.0; Win64; x64) AppleWebKit/537.36 (KHTML, like Gecko) Chrome/128.0.0.0 Safari/537.36 OPR/114.0.0.0"
177.51.195.206 - - [13/Nov/2024:19:58:31 -0300] "GET /form.php HTTP/1.1" 200 1602 "https://mentorlink.myvnc.com/preform.php" "Mozilla/5.0 (Linux; Android 10; K) AppleWebKit/537.36 (KHTML, like Gecko) Chrome/130.0.0.0 Mobile Safari/537.36"
200.208.79.82 - - [13/Nov/2024:19:58:31 -0300] "GET /img/icon.png HTTP/1.1" 200 207395 "http://mentorlink.myvnc.com/" "Mozilla/5.0 (Windows NT 10.0; Win64; x64) AppleWebKit/537.36 (KHTML, like Gecko) Chrome/128.0.0.0 Safari/537.36 OPR/114.0.0.0"
179.68.118.132 - - [13/Nov/2024:19:58:32 -0300] "GET /preform.php HTTP/1.1" 200 846 "https://mentorlink.myvnc.com/" "Mozilla/5.0 (Linux; Android 10; K) AppleWebKit/537.36 (KHTML, like Gecko) Chrome/130.0.0.0 Mobile Safari/537.36"
179.68.118.132 - - [13/Nov/2024:19:58:35 -0300] "GET /form.php HTTP/1.1" 200 1602 "https://mentorlink.myvnc.com/preform.php" "Mozilla/5.0 (Linux; Android 10; K) AppleWebKit/537.36 (KHTML, like Gecko) Chrome/130.0.0.0 Mobile Safari/537.36"
191.245.71.1 - - [13/Nov/2024:19:58:36 -0300] "GET /preform.php HTTP/1.1" 200 846 "https://mentorlink.myvnc.com/" "Mozilla/5.0 (Linux; Android 10; K) AppleWebKit/537.36 (KHTML, like Gecko) Chrome/130.0.0.0 Mobile Safari/537.36"
191.245.71.1 - - [13/Nov/2024:19:58:38 -0300] "GET /form.php HTTP/1.1" 200 1602 "https://mentorlink.myvnc.com/preform.php" "Mozilla/5.0 (Linux; Android 10; K) AppleWebKit/537.36 (KHTML, like Gecko) Chrome/130.0.0.0 Mobile Safari/537.36"
189.40.68.236 - - [13/Nov/2024:19:58:43 -0300] "GET / HTTP/1.1" 200 1103 "-" "Mozilla/5.0 (Linux; Android 10; K) AppleWebKit/537.36 (KHTML, like Gecko) Chrome/130.0.0.0 Mobile Safari/537.36"
189.40.68.236 - - [13/Nov/2024:19:58:44 -0300] "GET /css/style.css HTTP/1.1" 200 2059 "https://mentorlink.myvnc.com/" "Mozilla/5.0 (Linux; Android 10; K) AppleWebKit/537.36 (KHTML, like Gecko) Chrome/130.0.0.0 Mobile Safari/537.36"
189.40.68.236 - - [13/Nov/2024:19:58:45 -0300] "GET /img/logo-background.png HTTP/1.1" 200 277222 "https://mentorlink.myvnc.com/css/style.css" "Mozilla/5.0 (Linux; Android 10; K) AppleWebKit/537.36 (KHTML, like Gecko) Chrome/130.0.0.0 Mobile Safari/537.36"
189.40.68.236 - - [13/Nov/2024:19:58:45 -0300] "GET /img/icon.png HTTP/1.1" 200 207395 "https://mentorlink.myvnc.com/" "Mozilla/5.0 (Linux; Android 10; K) AppleWebKit/537.36 (KHTML, like Gecko) Chrome/130.0.0.0 Mobile Safari/537.36"
189.40.68.236 - - [13/Nov/2024:19:58:48 -0300] "GET /preform.php HTTP/1.1" 200 846 "https://mentorlink.myvnc.com/" "Mozilla/5.0 (Linux; Android 10; K) AppleWebKit/537.36 (KHTML, like Gecko) Chrome/130.0.0.0 Mobile Safari/537.36"
138.204.143.5 - - [13/Nov/2024:19:58:49 -0300] "GET / HTTP/1.1" 200 1103 "https://www.google.com/" "Mozilla/5.0 (Linux; Android 13; SM-G780G) AppleWebKit/537.36 (KHTML, like Gecko) Chrome/129.0.0.0 Mobile Safari/537.36"
138.204.143.5 - - [13/Nov/2024:19:58:49 -0300] "GET /css/style.css HTTP/1.1" 200 2059 "https://mentorlink.myvnc.com/" "Mozilla/5.0 (Linux; Android 13; SM-G780G) AppleWebKit/537.36 (KHTML, like Gecko) Chrome/129.0.0.0 Mobile Safari/537.36"
189.40.68.236 - - [13/Nov/2024:19:58:50 -0300] "GET /form.php HTTP/1.1" 200 1602 "https://mentorlink.myvnc.com/preform.php" "Mozilla/5.0 (Linux; Android 10; K) AppleWebKit/537.36 (KHTML, like Gecko) Chrome/130.0.0.0 Mobile Safari/537.36"
138.204.143.5 - - [13/Nov/2024:19:58:51 -0300] "GET /img/logo-background.png HTTP/1.1" 200 277222 "https://mentorlink.myvnc.com/css/style.css" "Mozilla/5.0 (Linux; Android 13; SM-G780G) AppleWebKit/537.36 (KHTML, like Gecko) Chrome/129.0.0.0 Mobile Safari/537.36"
179.68.114.60 - - [13/Nov/2024:19:58:53 -0300] "GET / HTTP/1.1" 200 1103 "android-app://com.google.android.googlequicksearchbox/" "Mozilla/5.0 (Linux; Android 10; K) AppleWebKit/537.36 (KHTML, like Gecko) Chrome/130.0.0.0 Mobile Safari/537.36"
179.68.114.60 - - [13/Nov/2024:19:58:53 -0300] "GET /css/style.css HTTP/1.1" 200 2059 "https://mentorlink.myvnc.com/" "Mozilla/5.0 (Linux; Android 10; K) AppleWebKit/537.36 (KHTML, like Gecko) Chrome/130.0.0.0 Mobile Safari/537.36"
104.237.168.4 - - [13/Nov/2024:19:58:54 -0300] "GET /preform.php HTTP/1.1" 200 846 "https://www.google.com/" "Mozilla/5.0 (Linux; Android 13; SM-G780G) AppleWebKit/537.36 (KHTML, like Gecko) Chrome/129.0.0.0 Mobile Safari/537.36"
179.68.114.60 - - [13/Nov/2024:19:58:54 -0300] "GET /img/logo-background.png HTTP/1.1" 200 277222 "https://mentorlink.myvnc.com/css/style.css" "Mozilla/5.0 (Linux; Android 10; K) AppleWebKit/537.36 (KHTML, like Gecko) Chrome/130.0.0.0 Mobile Safari/537.36"
104.237.168.4 - - [13/Nov/2024:19:58:54 -0300] "GET /css/style.css HTTP/1.1" 200 2059 "https://mentorlink.myvnc.com/preform.php" "Mozilla/5.0 (Linux; Android 13; SM-G780G) AppleWebKit/537.36 (KHTML, like Gecko) Chrome/129.0.0.0 Mobile Safari/537.36"
179.68.114.60 - - [13/Nov/2024:19:58:55 -0300] "GET /img/icon.png HTTP/1.1" 200 207395 "https://mentorlink.myvnc.com/" "Mozilla/5.0 (Linux; Android 10; K) AppleWebKit/537.36 (KHTML, like Gecko) Chrome/130.0.0.0 Mobile Safari/537.36"
189.40.70.249 - - [13/Nov/2024:19:59:03 -0300] "GET / HTTP/1.1" 200 1103 "-" "Mozilla/5.0 (iPhone; CPU iPhone OS 17_6_1 like Mac OS X) AppleWebKit/605.1.15 (KHTML, like Gecko) Version/17.6 Mobile/15E148 Safari/604.1"
189.40.70.249 - - [13/Nov/2024:19:59:03 -0300] "GET /css/style.css HTTP/1.1" 200 2059 "http://mentorlink.myvnc.com/" "Mozilla/5.0 (iPhone; CPU iPhone OS 17_6_1 like Mac OS X) AppleWebKit/605.1.15 (KHTML, like Gecko) Version/17.6 Mobile/15E148 Safari/604.1"
189.40.70.249 - - [13/Nov/2024:19:59:05 -0300] "GET /img/logo-background.png HTTP/1.1" 200 277222 "http://mentorlink.myvnc.com/" "Mozilla/5.0 (iPhone; CPU iPhone OS 17_6_1 like Mac OS X) AppleWebKit/605.1.15 (KHTML, like Gecko) Version/17.6 Mobile/15E148 Safari/604.1"
189.40.70.249 - - [13/Nov/2024:19:59:06 -0300] "GET /img/icon.png HTTP/1.1" 200 207395 "http://mentorlink.myvnc.com/" "Mozilla/5.0 (iPhone; CPU iPhone OS 17_6_1 like Mac OS X) AppleWebKit/605.1.15 (KHTML, like Gecko) Version/17.6 Mobile/15E148 Safari/604.1"
189.40.68.236 - - [13/Nov/2024:19:59:14 -0300] "POST /processa_form.php HTTP/1.1" 302 5 "https://mentorlink.myvnc.com/form.php" "Mozilla/5.0 (Linux; Android 10; K) AppleWebKit/537.36 (KHTML, like Gecko) Chrome/130.0.0.0 Mobile Safari/537.36"
189.40.68.236 - - [13/Nov/2024:19:59:14 -0300] "GET /result.php?area=desenvolvimento HTTP/1.1" 200 1150 "https://mentorlink.myvnc.com/form.php" "Mozilla/5.0 (Linux; Android 10; K) AppleWebKit/537.36 (KHTML, like Gecko) Chrome/130.0.0.0 Mobile Safari/537.36"
189.40.68.236 - - [13/Nov/2024:19:59:14 -0300] "GET /img/matheus-camargo.png HTTP/1.1" 200 213319 "https://mentorlink.myvnc.com/result.php?area=desenvolvimento" "Mozilla/5.0 (Linux; Android 10; K) AppleWebKit/537.36 (KHTML, like Gecko) Chrome/130.0.0.0 Mobile Safari/537.36"
177.51.202.141 - - [13/Nov/2024:19:59:15 -0300] "GET / HTTP/1.1" 200 1103 "-" "Mozilla/5.0 (iPhone; CPU iPhone OS 17_6_1 like Mac OS X) AppleWebKit/605.1.15 (KHTML, like Gecko) Version/17.6 Mobile/15E148 Safari/604.1"
177.51.202.141 - - [13/Nov/2024:19:59:15 -0300] "GET /css/style.css HTTP/1.1" 200 2059 "http://mentorlink.myvnc.com/" "Mozilla/5.0 (iPhone; CPU iPhone OS 17_6_1 like Mac OS X) AppleWebKit/605.1.15 (KHTML, like Gecko) Version/17.6 Mobile/15E148 Safari/604.1"
189.40.68.236 - - [13/Nov/2024:19:59:15 -0300] "GET /img/ana-monica.png HTTP/1.1" 200 182581 "https://mentorlink.myvnc.com/result.php?area=desenvolvimento" "Mozilla/5.0 (Linux; Android 10; K) AppleWebKit/537.36 (KHTML, like Gecko) Chrome/130.0.0.0 Mobile Safari/537.36"
177.51.195.206 - - [13/Nov/2024:19:59:16 -0300] "POST /processa_form.php HTTP/1.1" 302 5 "https://mentorlink.myvnc.com/form.php" "Mozilla/5.0 (Linux; Android 10; K) AppleWebKit/537.36 (KHTML, like Gecko) Chrome/130.0.0.0 Mobile Safari/537.36"
177.51.195.206 - - [13/Nov/2024:19:59:16 -0300] "GET /result.php?area=dados HTTP/1.1" 200 1137 "https://mentorlink.myvnc.com/form.php" "Mozilla/5.0 (Linux; Android 10; K) AppleWebKit/537.36 (KHTML, like Gecko) Chrome/130.0.0.0 Mobile Safari/537.36"
177.51.195.206 - - [13/Nov/2024:19:59:16 -0300] "GET /img/julio-silveira.png HTTP/1.1" 200 154130 "https://mentorlink.myvnc.com/result.php?area=dados" "Mozilla/5.0 (Linux; Android 10; K) AppleWebKit/537.36 (KHTML, like Gecko) Chrome/130.0.0.0 Mobile Safari/537.36"
177.51.202.141 - - [13/Nov/2024:19:59:17 -0300] "GET /img/logo-background.png HTTP/1.1" 200 277222 "http://mentorlink.myvnc.com/" "Mozilla/5.0 (iPhone; CPU iPhone OS 17_6_1 like Mac OS X) AppleWebKit/605.1.15 (KHTML, like Gecko) Version/17.6 Mobile/15E148 Safari/604.1"
177.173.219.247 - - [13/Nov/2024:19:59:17 -0300] "GET / HTTP/1.1" 200 1103 "-" "Mozilla/5.0 (iPhone; CPU iPhone OS 17_6_1 like Mac OS X) AppleWebKit/605.1.15 (KHTML, like Gecko) Version/17.6 Mobile/15E148 Safari/604.1"
177.51.195.206 - - [13/Nov/2024:19:59:17 -0300] "GET /img/amanda-santana.png HTTP/1.1" 200 115600 "https://mentorlink.myvnc.com/result.php?area=dados" "Mozilla/5.0 (Linux; Android 10; K) AppleWebKit/537.36 (KHTML, like Gecko) Chrome/130.0.0.0 Mobile Safari/537.36"
177.51.202.141 - - [13/Nov/2024:19:59:17 -0300] "GET /img/icon.png HTTP/1.1" 200 207395 "http://mentorlink.myvnc.com/" "Mozilla/5.0 (iPhone; CPU iPhone OS 17_6_1 like Mac OS X) AppleWebKit/605.1.15 (KHTML, like Gecko) Version/17.6 Mobile/15E148 Safari/604.1"
177.173.219.247 - - [13/Nov/2024:19:59:17 -0300] "GET /css/style.css HTTP/1.1" 200 2059 "http://mentorlink.myvnc.com/" "Mozilla/5.0 (iPhone; CPU iPhone OS 17_6_1 like Mac OS X) AppleWebKit/605.1.15 (KHTML, like Gecko) Version/17.6 Mobile/15E148 Safari/604.1"
177.173.219.247 - - [13/Nov/2024:19:59:19 -0300] "GET /img/logo-background.png HTTP/1.1" 200 277222 "http://mentorlink.myvnc.com/" "Mozilla/5.0 (iPhone; CPU iPhone OS 17_6_1 like Mac OS X) AppleWebKit/605.1.15 (KHTML, like Gecko) Version/17.6 Mobile/15E148 Safari/604.1"
177.173.219.247 - - [13/Nov/2024:19:59:20 -0300] "GET /img/icon.png HTTP/1.1" 200 207395 "http://mentorlink.myvnc.com/" "Mozilla/5.0 (iPhone; CPU iPhone OS 17_6_1 like Mac OS X) AppleWebKit/605.1.15 (KHTML, like Gecko) Version/17.6 Mobile/15E148 Safari/604.1"
189.40.70.37 - - [13/Nov/2024:19:59:23 -0300] "GET / HTTP/1.1" 200 1103 "-" "Mozilla/5.0 (iPhone; CPU iPhone OS 16_0_2 like Mac OS X) AppleWebKit/605.1.15 (KHTML, like Gecko) Version/16.0 Mobile/15E148 Safari/604.1"
189.40.70.37 - - [13/Nov/2024:19:59:23 -0300] "GET /css/style.css HTTP/1.1" 200 2059 "https://mentorlink.myvnc.com/" "Mozilla/5.0 (iPhone; CPU iPhone OS 16_0_2 like Mac OS X) AppleWebKit/605.1.15 (KHTML, like Gecko) Version/16.0 Mobile/15E148 Safari/604.1"
177.51.202.141 - - [13/Nov/2024:19:59:23 -0300] "GET /preform.php HTTP/1.1" 200 846 "http://mentorlink.myvnc.com/" "Mozilla/5.0 (iPhone; CPU iPhone OS 17_6_1 like Mac OS X) AppleWebKit/605.1.15 (KHTML, like Gecko) Version/17.6 Mobile/15E148 Safari/604.1"
179.68.100.113 - - [13/Nov/2024:19:59:23 -0300] "GET / HTTP/1.1" 200 1103 "-" "Mozilla/5.0 (Linux; Android 10; K) AppleWebKit/537.36 (KHTML, like Gecko) Chrome/131.0.0.0 Mobile Safari/537.36"
179.68.100.113 - - [13/Nov/2024:19:59:24 -0300] "GET /css/style.css HTTP/1.1" 200 2059 "https://mentorlink.myvnc.com/" "Mozilla/5.0 (Linux; Android 10; K) AppleWebKit/537.36 (KHTML, like Gecko) Chrome/131.0.0.0 Mobile Safari/537.36"
179.68.100.113 - - [13/Nov/2024:19:59:25 -0300] "GET /img/logo-background.png HTTP/1.1" 200 277222 "https://mentorlink.myvnc.com/css/style.css" "Mozilla/5.0 (Linux; Android 10; K) AppleWebKit/537.36 (KHTML, like Gecko) Chrome/131.0.0.0 Mobile Safari/537.36"
189.40.70.37 - - [13/Nov/2024:19:59:25 -0300] "GET /img/logo-background.png HTTP/1.1" 200 277222 "https://mentorlink.myvnc.com/" "Mozilla/5.0 (iPhone; CPU iPhone OS 16_0_2 like Mac OS X) AppleWebKit/605.1.15 (KHTML, like Gecko) Version/16.0 Mobile/15E148 Safari/604.1"
189.40.70.249 - - [13/Nov/2024:19:59:25 -0300] "GET /preform.php HTTP/1.1" 200 846 "http://mentorlink.myvnc.com/" "Mozilla/5.0 (iPhone; CPU iPhone OS 17_6_1 like Mac OS X) AppleWebKit/605.1.15 (KHTML, like Gecko) Version/17.6 Mobile/15E148 Safari/604.1"
189.40.70.37 - - [13/Nov/2024:19:59:26 -0300] "GET /img/icon.png HTTP/1.1" 200 207395 "https://mentorlink.myvnc.com/" "Mozilla/5.0 (iPhone; CPU iPhone OS 16_0_2 like Mac OS X) AppleWebKit/605.1.15 (KHTML, like Gecko) Version/16.0 Mobile/15E148 Safari/604.1"
179.68.100.113 - - [13/Nov/2024:19:59:26 -0300] "GET /img/icon.png HTTP/1.1" 200 207395 "https://mentorlink.myvnc.com/" "Mozilla/5.0 (Linux; Android 10; K) AppleWebKit/537.36 (KHTML, like Gecko) Chrome/131.0.0.0 Mobile Safari/537.36"
179.68.118.132 - - [13/Nov/2024:19:59:27 -0300] "POST /processa_form.php HTTP/1.1" 302 5 "https://mentorlink.myvnc.com/form.php" "Mozilla/5.0 (Linux; Android 10; K) AppleWebKit/537.36 (KHTML, like Gecko) Chrome/130.0.0.0 Mobile Safari/537.36"
179.68.118.132 - - [13/Nov/2024:19:59:27 -0300] "GET /result.php?area=dados HTTP/1.1" 200 1137 "https://mentorlink.myvnc.com/form.php" "Mozilla/5.0 (Linux; Android 10; K) AppleWebKit/537.36 (KHTML, like Gecko) Chrome/130.0.0.0 Mobile Safari/537.36"
189.40.70.249 - - [13/Nov/2024:19:59:27 -0300] "GET /form.php HTTP/1.1" 200 1602 "http://mentorlink.myvnc.com/preform.php" "Mozilla/5.0 (iPhone; CPU iPhone OS 17_6_1 like Mac OS X) AppleWebKit/605.1.15 (KHTML, like Gecko) Version/17.6 Mobile/15E148 Safari/604.1"
179.68.118.132 - - [13/Nov/2024:19:59:27 -0300] "GET /img/julio-silveira.png HTTP/1.1" 200 154130 "https://mentorlink.myvnc.com/result.php?area=dados" "Mozilla/5.0 (Linux; Android 10; K) AppleWebKit/537.36 (KHTML, like Gecko) Chrome/130.0.0.0 Mobile Safari/537.36"
177.173.219.247 - - [13/Nov/2024:19:59:27 -0300] "GET /preform.php HTTP/1.1" 200 846 "http://mentorlink.myvnc.com/" "Mozilla/5.0 (iPhone; CPU iPhone OS 17_6_1 like Mac OS X) AppleWebKit/605.1.15 (KHTML, like Gecko) Version/17.6 Mobile/15E148 Safari/604.1"
179.68.118.132 - - [13/Nov/2024:19:59:28 -0300] "GET /img/amanda-santana.png HTTP/1.1" 200 115600 "https://mentorlink.myvnc.com/result.php?area=dados" "Mozilla/5.0 (Linux; Android 10; K) AppleWebKit/537.36 (KHTML, like Gecko) Chrome/130.0.0.0 Mobile Safari/537.36"
172.59.24.105 - - [13/Nov/2024:19:59:30 -0300] "GET / HTTP/1.1" 200 1103 "https://www.google.com/" "Mozilla/5.0 (Linux; Android 10; K) AppleWebKit/537.36 (KHTML, like Gecko) SamsungBrowser/26.0 Chrome/122.0.0.0 Mobile Safari/537.36"
172.59.24.105 - - [13/Nov/2024:19:59:30 -0300] "GET /css/style.css HTTP/1.1" 200 2059 "https://mentorlink.myvnc.com/" "Mozilla/5.0 (Linux; Android 10; K) AppleWebKit/537.36 (KHTML, like Gecko) SamsungBrowser/26.0 Chrome/122.0.0.0 Mobile Safari/537.36"
177.173.219.247 - - [13/Nov/2024:19:59:30 -0300] "GET /form.php HTTP/1.1" 200 1602 "http://mentorlink.myvnc.com/preform.php" "Mozilla/5.0 (iPhone; CPU iPhone OS 17_6_1 like Mac OS X) AppleWebKit/605.1.15 (KHTML, like Gecko) Version/17.6 Mobile/15E148 Safari/604.1"
172.59.24.105 - - [13/Nov/2024:19:59:30 -0300] "GET /img/logo-background.png HTTP/1.1" 200 277222 "https://mentorlink.myvnc.com/css/style.css" "Mozilla/5.0 (Linux; Android 10; K) AppleWebKit/537.36 (KHTML, like Gecko) SamsungBrowser/26.0 Chrome/122.0.0.0 Mobile Safari/537.36"
189.40.70.37 - - [13/Nov/2024:19:59:33 -0300] "GET /preform.php HTTP/1.1" 200 846 "https://mentorlink.myvnc.com/" "Mozilla/5.0 (iPhone; CPU iPhone OS 16_0_2 like Mac OS X) AppleWebKit/605.1.15 (KHTML, like Gecko) Version/16.0 Mobile/15E148 Safari/604.1"
177.51.202.141 - - [13/Nov/2024:19:59:33 -0300] "GET /form.php HTTP/1.1" 200 1602 "http://mentorlink.myvnc.com/preform.php" "Mozilla/5.0 (iPhone; CPU iPhone OS 17_6_1 like Mac OS X) AppleWebKit/605.1.15 (KHTML, like Gecko) Version/17.6 Mobile/15E148 Safari/604.1"
189.40.70.37 - - [13/Nov/2024:19:59:37 -0300] "GET /form.php HTTP/1.1" 200 1602 "https://mentorlink.myvnc.com/preform.php" "Mozilla/5.0 (iPhone; CPU iPhone OS 16_0_2 like Mac OS X) AppleWebKit/605.1.15 (KHTML, like Gecko) Version/16.0 Mobile/15E148 Safari/604.1"
191.245.71.1 - - [13/Nov/2024:19:59:40 -0300] "POST /processa_form.php HTTP/1.1" 302 5 "https://mentorlink.myvnc.com/form.php" "Mozilla/5.0 (Linux; Android 10; K) AppleWebKit/537.36 (KHTML, like Gecko) Chrome/130.0.0.0 Mobile Safari/537.36"
191.245.71.1 - - [13/Nov/2024:19:59:40 -0300] "GET /result.php?area=redes HTTP/1.1" 200 1160 "https://mentorlink.myvnc.com/form.php" "Mozilla/5.0 (Linux; Android 10; K) AppleWebKit/537.36 (KHTML, like Gecko) Chrome/130.0.0.0 Mobile Safari/537.36"
191.245.71.1 - - [13/Nov/2024:19:59:41 -0300] "GET /img/bernardo-carvalho.png HTTP/1.1" 200 191069 "https://mentorlink.myvnc.com/result.php?area=redes" "Mozilla/5.0 (Linux; Android 10; K) AppleWebKit/537.36 (KHTML, like Gecko) Chrome/130.0.0.0 Mobile Safari/537.36"
191.245.71.1 - - [13/Nov/2024:19:59:41 -0300] "GET /img/ricardo-santos.png HTTP/1.1" 200 108799 "https://mentorlink.myvnc.com/result.php?area=redes" "Mozilla/5.0 (Linux; Android 10; K) AppleWebKit/537.36 (KHTML, like Gecko) Chrome/130.0.0.0 Mobile Safari/537.36"
177.51.202.141 - - [13/Nov/2024:20:00:10 -0300] "POST /processa_form.php HTTP/1.1" 302 5 "http://mentorlink.myvnc.com/form.php" "Mozilla/5.0 (iPhone; CPU iPhone OS 17_6_1 like Mac OS X) AppleWebKit/605.1.15 (KHTML, like Gecko) Version/17.6 Mobile/15E148 Safari/604.1"
177.51.202.141 - - [13/Nov/2024:20:00:11 -0300] "GET /result.php?area=dados HTTP/1.1" 200 1137 "http://mentorlink.myvnc.com/form.php" "Mozilla/5.0 (iPhone; CPU iPhone OS 17_6_1 like Mac OS X) AppleWebKit/605.1.15 (KHTML, like Gecko) Version/17.6 Mobile/15E148 Safari/604.1"
177.51.202.141 - - [13/Nov/2024:20:00:11 -0300] "GET /img/amanda-santana.png HTTP/1.1" 200 115600 "http://mentorlink.myvnc.com/result.php?area=dados" "Mozilla/5.0 (iPhone; CPU iPhone OS 17_6_1 like Mac OS X) AppleWebKit/605.1.15 (KHTML, like Gecko) Version/17.6 Mobile/15E148 Safari/604.1"
177.51.202.141 - - [13/Nov/2024:20:00:11 -0300] "GET /img/julio-silveira.png HTTP/1.1" 200 154130 "http://mentorlink.myvnc.com/result.php?area=dados" "Mozilla/5.0 (iPhone; CPU iPhone OS 17_6_1 like Mac OS X) AppleWebKit/605.1.15 (KHTML, like Gecko) Version/17.6 Mobile/15E148 Safari/604.1"
189.40.70.37 - - [13/Nov/2024:20:00:12 -0300] "POST /processa_form.php HTTP/1.1" 302 5 "https://mentorlink.myvnc.com/form.php" "Mozilla/5.0 (iPhone; CPU iPhone OS 16_0_2 like Mac OS X) AppleWebKit/605.1.15 (KHTML, like Gecko) Version/16.0 Mobile/15E148 Safari/604.1"
189.40.70.37 - - [13/Nov/2024:20:00:12 -0300] "GET /result.php?area=desenvolvimento HTTP/1.1" 200 1150 "https://mentorlink.myvnc.com/form.php" "Mozilla/5.0 (iPhone; CPU iPhone OS 16_0_2 like Mac OS X) AppleWebKit/605.1.15 (KHTML, like Gecko) Version/16.0 Mobile/15E148 Safari/604.1"
189.40.70.37 - - [13/Nov/2024:20:00:13 -0300] "GET /img/matheus-camargo.png HTTP/1.1" 200 213319 "https://mentorlink.myvnc.com/result.php?area=desenvolvimento" "Mozilla/5.0 (iPhone; CPU iPhone OS 16_0_2 like Mac OS X) AppleWebKit/605.1.15 (KHTML, like Gecko) Version/16.0 Mobile/15E148 Safari/604.1"
189.40.70.37 - - [13/Nov/2024:20:00:14 -0300] "GET /img/ana-monica.png HTTP/1.1" 200 182581 "https://mentorlink.myvnc.com/result.php?area=desenvolvimento" "Mozilla/5.0 (iPhone; CPU iPhone OS 16_0_2 like Mac OS X) AppleWebKit/605.1.15 (KHTML, like Gecko) Version/16.0 Mobile/15E148 Safari/604.1"
177.51.202.141 - - [13/Nov/2024:20:00:22 -0300] "GET /profile.php?name=julio%20Silveira HTTP/1.1" 200 2182 "http://mentorlink.myvnc.com/result.php?area=dados" "Mozilla/5.0 (iPhone; CPU iPhone OS 17_6_1 like Mac OS X) AppleWebKit/605.1.15 (KHTML, like Gecko) Version/17.6 Mobile/15E148 Safari/604.1"
177.51.202.141 - - [13/Nov/2024:20:00:22 -0300] "GET /img/lock.png HTTP/1.1" 200 5395 "http://mentorlink.myvnc.com/profile.php?name=julio%20Silveira" "Mozilla/5.0 (iPhone; CPU iPhone OS 17_6_1 like Mac OS X) AppleWebKit/605.1.15 (KHTML, like Gecko) Version/17.6 Mobile/15E148 Safari/604.1"
177.51.202.141 - - [13/Nov/2024:20:00:24 -0300] "GET /img/portfolio-julio-silveira.jpg HTTP/1.1" 200 660809 "http://mentorlink.myvnc.com/profile.php?name=julio%20Silveira" "Mozilla/5.0 (iPhone; CPU iPhone OS 17_6_1 like Mac OS X) AppleWebKit/605.1.15 (KHTML, like Gecko) Version/17.6 Mobile/15E148 Safari/604.1"
189.40.70.249 - - [13/Nov/2024:20:00:28 -0300] "POST /processa_form.php HTTP/1.1" 302 5 "http://mentorlink.myvnc.com/form.php" "Mozilla/5.0 (iPhone; CPU iPhone OS 17_6_1 like Mac OS X) AppleWebKit/605.1.15 (KHTML, like Gecko) Version/17.6 Mobile/15E148 Safari/604.1"
189.40.70.249 - - [13/Nov/2024:20:00:28 -0300] "GET /result.php?area=desenvolvimento HTTP/1.1" 200 1150 "http://mentorlink.myvnc.com/form.php" "Mozilla/5.0 (iPhone; CPU iPhone OS 17_6_1 like Mac OS X) AppleWebKit/605.1.15 (KHTML, like Gecko) Version/17.6 Mobile/15E148 Safari/604.1"
189.40.70.249 - - [13/Nov/2024:20:00:29 -0300] "GET /img/matheus-camargo.png HTTP/1.1" 200 213319 "http://mentorlink.myvnc.com/result.php?area=desenvolvimento" "Mozilla/5.0 (iPhone; CPU iPhone OS 17_6_1 like Mac OS X) AppleWebKit/605.1.15 (KHTML, like Gecko) Version/17.6 Mobile/15E148 Safari/604.1"
189.40.70.249 - - [13/Nov/2024:20:00:29 -0300] "GET /img/ana-monica.png HTTP/1.1" 200 182581 "http://mentorlink.myvnc.com/result.php?area=desenvolvimento" "Mozilla/5.0 (iPhone; CPU iPhone OS 17_6_1 like Mac OS X) AppleWebKit/605.1.15 (KHTML, like Gecko) Version/17.6 Mobile/15E148 Safari/604.1"
177.173.219.247 - - [13/Nov/2024:20:00:51 -0300] "POST /processa_form.php HTTP/1.1" 302 5 "http://mentorlink.myvnc.com/form.php" "Mozilla/5.0 (iPhone; CPU iPhone OS 17_6_1 like Mac OS X) AppleWebKit/605.1.15 (KHTML, like Gecko) Version/17.6 Mobile/15E148 Safari/604.1"
177.173.219.247 - - [13/Nov/2024:20:00:51 -0300] "GET /result.php?area=dados HTTP/1.1" 200 1137 "http://mentorlink.myvnc.com/form.php" "Mozilla/5.0 (iPhone; CPU iPhone OS 17_6_1 like Mac OS X) AppleWebKit/605.1.15 (KHTML, like Gecko) Version/17.6 Mobile/15E148 Safari/604.1"
177.173.219.247 - - [13/Nov/2024:20:00:52 -0300] "GET /img/julio-silveira.png HTTP/1.1" 200 154130 "http://mentorlink.myvnc.com/result.php?area=dados" "Mozilla/5.0 (iPhone; CPU iPhone OS 17_6_1 like Mac OS X) AppleWebKit/605.1.15 (KHTML, like Gecko) Version/17.6 Mobile/15E148 Safari/604.1"
177.173.219.247 - - [13/Nov/2024:20:00:52 -0300] "GET /img/amanda-santana.png HTTP/1.1" 200 115600 "http://mentorlink.myvnc.com/result.php?area=dados" "Mozilla/5.0 (iPhone; CPU iPhone OS 17_6_1 like Mac OS X) AppleWebKit/605.1.15 (KHTML, like Gecko) Version/17.6 Mobile/15E148 Safari/604.1"
189.40.70.249 - - [13/Nov/2024:20:00:54 -0300] "GET /profile.php?name=Ana%20M%C3%B4nica HTTP/1.1" 200 2103 "http://mentorlink.myvnc.com/result.php?area=desenvolvimento" "Mozilla/5.0 (iPhone; CPU iPhone OS 17_6_1 like Mac OS X) AppleWebKit/605.1.15 (KHTML, like Gecko) Version/17.6 Mobile/15E148 Safari/604.1"
189.40.70.249 - - [13/Nov/2024:20:00:55 -0300] "GET /img/lock.png HTTP/1.1" 200 5395 "http://mentorlink.myvnc.com/profile.php?name=Ana%20M%C3%B4nica" "Mozilla/5.0 (iPhone; CPU iPhone OS 17_6_1 like Mac OS X) AppleWebKit/605.1.15 (KHTML, like Gecko) Version/17.6 Mobile/15E148 Safari/604.1"
189.40.70.249 - - [13/Nov/2024:20:00:56 -0300] "GET /img/portfolio-ana-monica.jpg HTTP/1.1" 200 597539 "http://mentorlink.myvnc.com/profile.php?name=Ana%20M%C3%B4nica" "Mozilla/5.0 (iPhone; CPU iPhone OS 17_6_1 like Mac OS X) AppleWebKit/605.1.15 (KHTML, like Gecko) Version/17.6 Mobile/15E148 Safari/604.1"
177.51.192.199 - - [13/Nov/2024:20:01:23 -0300] "GET / HTTP/1.1" 200 1103 "-" "Mozilla/5.0 (iPhone; CPU iPhone OS 18_0_1 like Mac OS X) AppleWebKit/605.1.15 (KHTML, like Gecko) Version/18.0.1 Mobile/15E148 Safari/604.1"
177.51.192.199 - - [13/Nov/2024:20:01:23 -0300] "GET /css/style.css HTTP/1.1" 200 2059 "https://mentorlink.myvnc.com/" "Mozilla/5.0 (iPhone; CPU iPhone OS 18_0_1 like Mac OS X) AppleWebKit/605.1.15 (KHTML, like Gecko) Version/18.0.1 Mobile/15E148 Safari/604.1"
