189.40.68.51 - - [13/Nov/2024:20:01:23 -0300] "GET / HTTP/1.1" 200 1103 "-" "Mozilla/5.0 (Linux; Android 10; K) AppleWebKit/537.36 (KHTML, like Gecko) Chrome/130.0.0.0 Mobile Safari/537.36"
177.51.192.199 - - [13/Nov/2024:20:01:24 -0300] "GET /img/logo-background.png HTTP/1.1" 200 277222 "https://mentorlink.myvnc.com/" "Mozilla/5.0 (iPhone; CPU iPhone OS 18_0_1 like Mac OS X) AppleWebKit/605.1.15 (KHTML, like Gecko) Version/18.0.1 Mobile/15E148 Safari/604.1"
177.51.192.199 - - [13/Nov/2024:20:01:25 -0300] "GET /img/icon.png HTTP/1.1" 200 207395 "https://mentorlink.myvnc.com/" "Mozilla/5.0 (iPhone; CPU iPhone OS 18_0_1 like Mac OS X) AppleWebKit/605.1.15 (KHTML, like Gecko) Version/18.0.1 Mobile/15E148 Safari/604.1"
66.249.85.33 - - [13/Nov/2024:20:01:28 -0300] "GET / HTTP/1.1" 200 1103 "-" "Mozilla/5.0 (Linux; Android 7.0; SM-G930V Build/NRD90M) AppleWebKit/537.36 (KHTML, like Gecko) Chrome/59.0.3071.125 Mobile Safari/537.36 (compatible; Google-Read-Aloud; +https://support.google.com/webmasters/answer/1061943)"
189.40.70.249 - - [13/Nov/2024:20:01:28 -0300] "GET /profile.php?name=Matheus%20Camargo HTTP/1.1" 200 2273 "http://mentorlink.myvnc.com/result.php?area=desenvolvimento" "Mozilla/5.0 (iPhone; CPU iPhone OS 17_6_1 like Mac OS X) AppleWebKit/605.1.15 (KHTML, like Gecko) Version/17.6 Mobile/15E148 Safari/604.1"
189.40.71.206 - - [13/Nov/2024:20:01:28 -0300] "GET / HTTP/1.1" 200 1103 "-" "Mozilla/5.0 (Linux; Android 10; K) AppleWebKit/537.36 (KHTML, like Gecko) Chrome/130.0.0.0 Mobile Safari/537.36"
189.40.71.206 - - [13/Nov/2024:20:01:29 -0300] "GET /css/style.css HTTP/1.1" 200 2059 "https://mentorlink.myvnc.com/" "Mozilla/5.0 (Linux; Android 10; K) AppleWebKit/537.36 (KHTML, like Gecko) Chrome/130.0.0.0 Mobile Safari/537.36"
66.102.6.102 - - [13/Nov/2024:20:01:29 -0300] "GET / HTTP/1.1" 200 1103 "-" "Mozilla/5.0 (Linux; Android 7.0; SM-G930V Build/NRD90M) AppleWebKit/537.36 (KHTML, like Gecko) Chrome/59.0.3071.125 Mobile Safari/537.36 (compatible; Google-Read-Aloud; +https://support.google.com/webmasters/answer/1061943)"
66.102.6.102 - - [13/Nov/2024:20:01:29 -0300] "GET / HTTP/1.1" 200 1103 "-" "Mozilla/5.0 (Linux; Android 7.0; SM-G930V Build/NRD90M) AppleWebKit/537.36 (KHTML, like Gecko) Chrome/59.0.3071.125 Mobile Safari/537.36 (compatible; Google-Read-Aloud; +https://support.google.com/webmasters/answer/1061943)"
189.40.70.249 - - [13/Nov/2024:20:01:29 -0300] "GET /img/portfolio-matheus-camargo.jpg HTTP/1.1" 200 718271 "http://mentorlink.myvnc.com/profile.php?name=Matheus%20Camargo" "Mozilla/5.0 (iPhone; CPU iPhone OS 17_6_1 like Mac OS X) AppleWebKit/605.1.15 (KHTML, like Gecko) Version/17.6 Mobile/15E148 Safari/604.1"
189.40.71.206 - - [13/Nov/2024:20:01:29 -0300] "GET /img/logo-background.png HTTP/1.1" 200 277222 "https://mentorlink.myvnc.com/css/style.css" "Mozilla/5.0 (Linux; Android 10; K) AppleWebKit/537.36 (KHTML, like Gecko) Chrome/130.0.0.0 Mobile Safari/537.36"
189.40.71.206 - - [13/Nov/2024:20:01:30 -0300] "GET /img/icon.png HTTP/1.1" 200 207395 "https://mentorlink.myvnc.com/" "Mozilla/5.0 (Linux; Android 10; K) AppleWebKit/537.36 (KHTML, like Gecko) Chrome/130.0.0.0 Mobile Safari/537.36"
177.51.192.199 - - [13/Nov/2024:20:01:33 -0300] "GET /preform.php HTTP/1.1" 200 846 "https://mentorlink.myvnc.com/" "Mozilla/5.0 (iPhone; CPU iPhone OS 18_0_1 like Mac OS X) AppleWebKit/605.1.15 (KHTML, like Gecko) Version/18.0.1 Mobile/15E148 Safari/604.1"
189.40.71.206 - - [13/Nov/2024:20:01:35 -0300] "GET /preform.php HTTP/1.1" 200 846 "https://mentorlink.myvnc.com/" "Mozilla/5.0 (Linux; Android 10; K) AppleWebKit/537.36 (KHTML, like Gecko) Chrome/130.0.0.0 Mobile Safari/537.36"
189.40.71.206 - - [13/Nov/2024:20:01:37 -0300] "GET /form.php HTTP/1.1" 200 1602 "https://mentorlink.myvnc.com/preform.php" "Mozilla/5.0 (Linux; Android 10; K) AppleWebKit/537.36 (KHTML, like Gecko) Chrome/130.0.0.0 Mobile Safari/537.36"
66.249.85.46 - - [13/Nov/2024:20:01:40 -0300] "GET /form.php HTTP/1.1" 200 1602 "-" "Mozilla/5.0 (Linux; Android 7.0; SM-G930V Build/NRD90M) AppleWebKit/537.36 (KHTML, like Gecko) Chrome/59.0.3071.125 Mobile Safari/537.36 (compatible; Google-Read-Aloud; +https://support.google.com/webmasters/answer/1061943)"
66.249.85.32 - - [13/Nov/2024:20:01:40 -0300] "GET /result.php?area=dados HTTP/1.1" 200 1137 "-" "Mozilla/5.0 (Linux; Android 7.0; SM-G930V Build/NRD90M) AppleWebKit/537.36 (KHTML, like Gecko) Chrome/59.0.3071.125 Mobile Safari/537.36 (compatible; Google-Read-Aloud; +https://support.google.com/webmasters/answer/1061943)"
66.102.6.102 - - [13/Nov/2024:20:01:40 -0300] "GET /form.php HTTP/1.1" 200 1602 "-" "Mozilla/5.0 (Linux; Android 7.0; SM-G930V Build/NRD90M) AppleWebKit/537.36 (KHTML, like Gecko) Chrome/59.0.3071.125 Mobile Safari/537.36 (compatible; Google-Read-Aloud; +https://support.google.com/webmasters/answer/1061943)"
66.102.6.96 - - [13/Nov/2024:20:01:40 -0300] "GET /form.php HTTP/1.1" 200 1602 "-" "Mozilla/5.0 (Linux; Android 7.0; SM-G930V Build/NRD90M) AppleWebKit/537.36 (KHTML, like Gecko) Chrome/59.0.3071.125 Mobile Safari/537.36 (compatible; Google-Read-Aloud; +https://support.google.com/webmasters/answer/1061943)"
66.102.6.96 - - [13/Nov/2024:20:01:40 -0300] "GET /result.php?area=dados HTTP/1.1" 200 1137 "-" "Mozilla/5.0 (Linux; Android 7.0; SM-G930V Build/NRD90M) AppleWebKit/537.36 (KHTML, like Gecko) Chrome/59.0.3071.125 Mobile Safari/537.36 (compatible; Google-Read-Aloud; +https://support.google.com/webmasters/answer/1061943)"
66.102.6.103 - - [13/Nov/2024:20:01:41 -0300] "GET /result.php?area=dados HTTP/1.1" 200 1137 "-" "Mozilla/5.0 (Linux; Android 7.0; SM-G930V Build/NRD90M) AppleWebKit/537.36 (KHTML, like Gecko) Chrome/59.0.3071.125 Mobile Safari/537.36 (compatible; Google-Read-Aloud; +https://support.google.com/webmasters/answer/1061943)"
66.249.85.46 - - [13/Nov/2024:20:01:41 -0300] "GET /form.php HTTP/1.1" 200 1602 "-" "Mozilla/5.0 (Linux; Android 7.0; SM-G930V Build/NRD90M) AppleWebKit/537.36 (KHTML, like Gecko) Chrome/59.0.3071.125 Mobile Safari/537.36 (compatible; Google-Read-Aloud; +https://support.google.com/webmasters/answer/1061943)"
66.102.6.103 - - [13/Nov/2024:20:01:41 -0300] "GET /form.php HTTP/1.1" 200 1602 "-" "Mozilla/5.0 (Linux; Android 7.0; SM-G930V Build/NRD90M) AppleWebKit/537.36 (KHTML, like Gecko) Chrome/59.0.3071.125 Mobile Safari/537.36 (compatible; Google-Read-Aloud; +https://support.google.com/webmasters/answer/1061943)"
177.51.207.25 - - [13/Nov/2024:20:01:52 -0300] "GET / HTTP/1.1" 200 1103 "-" "Mozilla/5.0 (iPhone; CPU iPhone OS 18_0_1 like Mac OS X) AppleWebKit/605.1.15 (KHTML, like Gecko) Version/18.0.1 Mobile/15E148 Safari/604.1"
177.51.207.25 - - [13/Nov/2024:20:01:53 -0300] "GET /css/style.css HTTP/1.1" 200 2059 "https://mentorlink.myvnc.com/" "Mozilla/5.0 (iPhone; CPU iPhone OS 18_0_1 like Mac OS X) AppleWebKit/605.1.15 (KHTML, like Gecko) Version/18.0.1 Mobile/15E148 Safari/604.1"
177.51.207.25 - - [13/Nov/2024:20:01:54 -0300] "GET /img/logo-background.png HTTP/1.1" 200 277222 "https://mentorlink.myvnc.com/" "Mozilla/5.0 (iPhone; CPU iPhone OS 18_0_1 like Mac OS X) AppleWebKit/605.1.15 (KHTML, like Gecko) Version/18.0.1 Mobile/15E148 Safari/604.1"
177.51.207.25 - - [13/Nov/2024:20:01:55 -0300] "GET /img/icon.png HTTP/1.1" 200 207395 "https://mentorlink.myvnc.com/" "Mozilla/5.0 (iPhone; CPU iPhone OS 18_0_1 like Mac OS X) AppleWebKit/605.1.15 (KHTML, like Gecko) Version/18.0.1 Mobile/15E148 Safari/604.1"
178.215.238.67 - - [13/Nov/2024:20:01:57 -0300] "GET /login.rsp HTTP/1.1" 404 162 "-" "Hello World"
189.40.71.206 - - [13/Nov/2024:20:02:27 -0300] "POST /processa_form.php HTTP/1.1" 302 5 "https://mentorlink.myvnc.com/form.php" "Mozilla/5.0 (Linux; Android 10; K) AppleWebKit/537.36 (KHTML, like Gecko) Chrome/130.0.0.0 Mobile Safari/537.36"
189.40.71.206 - - [13/Nov/2024:20:02:27 -0300] "GET /result.php?area=desenvolvimento HTTP/1.1" 200 1150 "https://mentorlink.myvnc.com/form.php" "Mozilla/5.0 (Linux; Android 10; K) AppleWebKit/537.36 (KHTML, like Gecko) Chrome/130.0.0.0 Mobile Safari/537.36"
189.40.71.206 - - [13/Nov/2024:20:02:28 -0300] "GET /img/matheus-camargo.png HTTP/1.1" 200 213319 "https://mentorlink.myvnc.com/result.php?area=desenvolvimento" "Mozilla/5.0 (Linux; Android 10; K) AppleWebKit/537.36 (KHTML, like Gecko) Chrome/130.0.0.0 Mobile Safari/537.36"
189.40.71.206 - - [13/Nov/2024:20:02:28 -0300] "GET /img/ana-monica.png HTTP/1.1" 200 182581 "https://mentorlink.myvnc.com/result.php?area=desenvolvimento" "Mozilla/5.0 (Linux; Android 10; K) AppleWebKit/537.36 (KHTML, like Gecko) Chrome/130.0.0.0 Mobile Safari/537.36"
66.249.85.32 - - [13/Nov/2024:20:02:32 -0300] "GET /result.php?area=desenvolvimento HTTP/1.1" 200 1150 "-" "Mozilla/5.0 (Linux; Android 7.0; SM-G930V Build/NRD90M) AppleWebKit/537.36 (KHTML, like Gecko) Chrome/59.0.3071.125 Mobile Safari/537.36 (compatible; Google-Read-Aloud; +https://support.google.com/webmasters/answer/1061943)"
66.102.6.96 - - [13/Nov/2024:20:02:32 -0300] "GET /result.php?area=desenvolvimento HTTP/1.1" 200 1150 "-" "Mozilla/5.0 (Linux; Android 7.0; SM-G930V Build/NRD90M) AppleWebKit/537.36 (KHTML, like Gecko) Chrome/59.0.3071.125 Mobile Safari/537.36 (compatible; Google-Read-Aloud; +https://support.google.com/webmasters/answer/1061943)"
66.102.6.102 - - [13/Nov/2024:20:02:33 -0300] "GET /result.php?area=desenvolvimento HTTP/1.1" 200 1150 "-" "Mozilla/5.0 (Linux; Android 7.0; SM-G930V Build/NRD90M) AppleWebKit/537.36 (KHTML, like Gecko) Chrome/59.0.3071.125 Mobile Safari/537.36 (compatible; Google-Read-Aloud; +https://support.google.com/webmasters/answer/1061943)"
189.40.70.37 - - [13/Nov/2024:20:02:55 -0300] "GET /result.php?area=desenvolvimento HTTP/1.1" 200 1150 "https://mentorlink.myvnc.com/form.php" "Mozilla/5.0 (iPhone; CPU iPhone OS 16_0_2 like Mac OS X) AppleWebKit/605.1.15 (KHTML, like Gecko) Version/16.0 Mobile/15E148 Safari/604.1"
189.40.70.37 - - [13/Nov/2024:20:02:56 -0300] "GET /css/style.css HTTP/1.1" 200 2059 "https://mentorlink.myvnc.com/result.php?area=desenvolvimento" "Mozilla/5.0 (iPhone; CPU iPhone OS 16_0_2 like Mac OS X) AppleWebKit/605.1.15 (KHTML, like Gecko) Version/16.0 Mobile/15E148 Safari/604.1"
189.40.70.37 - - [13/Nov/2024:20:02:56 -0300] "GET /img/ana-monica.png HTTP/1.1" 200 182581 "https://mentorlink.myvnc.com/result.php?area=desenvolvimento" "Mozilla/5.0 (iPhone; CPU iPhone OS 16_0_2 like Mac OS X) AppleWebKit/605.1.15 (KHTML, like Gecko) Version/16.0 Mobile/15E148 Safari/604.1"
189.40.70.37 - - [13/Nov/2024:20:02:57 -0300] "GET /img/matheus-camargo.png HTTP/1.1" 200 213319 "https://mentorlink.myvnc.com/result.php?area=desenvolvimento" "Mozilla/5.0 (iPhone; CPU iPhone OS 16_0_2 like Mac OS X) AppleWebKit/605.1.15 (KHTML, like Gecko) Version/16.0 Mobile/15E148 Safari/604.1"
189.40.70.37 - - [13/Nov/2024:20:02:57 -0300] "GET /img/icon.png HTTP/1.1" 200 207395 "https://mentorlink.myvnc.com/result.php?area=desenvolvimento" "Mozilla/5.0 (iPhone; CPU iPhone OS 16_0_2 like Mac OS X) AppleWebKit/605.1.15 (KHTML, like Gecko) Version/16.0 Mobile/15E148 Safari/604.1"
201.22.7.43 - - [13/Nov/2024:20:04:05 -0300] "GET /preform.php HTTP/1.1" 200 846 "http://mentorlink.myvnc.com/" "Mozilla/5.0 (Windows NT 10.0; Win64; x64) AppleWebKit/537.36 (KHTML, like Gecko) Chrome/128.0.0.0 Safari/537.36 OPR/114.0.0.0"
189.40.68.51 - - [13/Nov/2024:20:04:05 -0300] "GET /preform.php HTTP/1.1" 200 846 "https://mentorlink.myvnc.com/" "Mozilla/5.0 (Linux; Android 10; K) AppleWebKit/537.36 (KHTML, like Gecko) Chrome/130.0.0.0 Mobile Safari/537.36"
189.40.68.51 - - [13/Nov/2024:20:04:07 -0300] "GET /form.php HTTP/1.1" 200 1602 "https://mentorlink.myvnc.com/preform.php" "Mozilla/5.0 (Linux; Android 10; K) AppleWebKit/537.36 (KHTML, like Gecko) Chrome/130.0.0.0 Mobile Safari/537.36"
201.22.7.43 - - [13/Nov/2024:20:04:24 -0300] "GET /preform.php HTTP/1.1" 200 846 "http://mentorlink.myvnc.com/" "Mozilla/5.0 (Windows NT 10.0; Win64; x64) AppleWebKit/537.36 (KHTML, like Gecko) Chrome/128.0.0.0 Safari/537.36 OPR/114.0.0.0"
201.22.7.43 - - [13/Nov/2024:20:04:36 -0300] "GET /form.php HTTP/1.1" 200 1602 "http://mentorlink.myvnc.com/preform.php" "Mozilla/5.0 (Windows NT 10.0; Win64; x64) AppleWebKit/537.36 (KHTML, like Gecko) Chrome/128.0.0.0 Safari/537.36 OPR/114.0.0.0"
201.22.7.43 - - [13/Nov/2024:20:04:53 -0300] "POST /processa_form.php HTTP/1.1" 302 5 "http://mentorlink.myvnc.com/form.php" "Mozilla/5.0 (Windows NT 10.0; Win64; x64) AppleWebKit/537.36 (KHTML, like Gecko) Chrome/128.0.0.0 Safari/537.36 OPR/114.0.0.0"
201.22.7.43 - - [13/Nov/2024:20:04:53 -0300] "GET /result.php?area=desenvolvimento HTTP/1.1" 200 1150 "http://mentorlink.myvnc.com/form.php" "Mozilla/5.0 (Windows NT 10.0; Win64; x64) AppleWebKit/537.36 (KHTML, like Gecko) Chrome/128.0.0.0 Safari/537.36 OPR/114.0.0.0"
200.208.79.82 - - [13/Nov/2024:20:04:54 -0300] "GET /img/ana-monica.png HTTP/1.1" 200 182581 "http://mentorlink.myvnc.com/result.php?area=desenvolvimento" "Mozilla/5.0 (Windows NT 10.0; Win64; x64) AppleWebKit/537.36 (KHTML, like Gecko) Chrome/128.0.0.0 Safari/537.36 OPR/114.0.0.0"
201.22.7.43 - - [13/Nov/2024:20:04:54 -0300] "GET /img/matheus-camargo.png HTTP/1.1" 200 213319 "http://mentorlink.myvnc.com/result.php?area=desenvolvimento" "Mozilla/5.0 (Windows NT 10.0; Win64; x64) AppleWebKit/537.36 (KHTML, like Gecko) Chrome/128.0.0.0 Safari/537.36 OPR/114.0.0.0"
189.40.68.51 - - [13/Nov/2024:20:04:59 -0300] "POST /processa_form.php HTTP/1.1" 302 5 "https://mentorlink.myvnc.com/form.php" "Mozilla/5.0 (Linux; Android 10; K) AppleWebKit/537.36 (KHTML, like Gecko) Chrome/130.0.0.0 Mobile Safari/537.36"
189.40.68.51 - - [13/Nov/2024:20:04:59 -0300] "GET /result.php?area=desenvolvimento HTTP/1.1" 200 1150 "https://mentorlink.myvnc.com/form.php" "Mozilla/5.0 (Linux; Android 10; K) AppleWebKit/537.36 (KHTML, like Gecko) Chrome/130.0.0.0 Mobile Safari/537.36"
189.40.68.51 - - [13/Nov/2024:20:04:59 -0300] "GET /img/ana-monica.png HTTP/1.1" 200 182581 "https://mentorlink.myvnc.com/result.php?area=desenvolvimento" "Mozilla/5.0 (Linux; Android 10; K) AppleWebKit/537.36 (KHTML, like Gecko) Chrome/130.0.0.0 Mobile Safari/537.36"
189.40.68.51 - - [13/Nov/2024:20:05:00 -0300] "GET /img/matheus-camargo.png HTTP/1.1" 304 0 "https://mentorlink.myvnc.com/result.php?area=desenvolvimento" "Mozilla/5.0 (Linux; Android 10; K) AppleWebKit/537.36 (KHTML, like Gecko) Chrome/130.0.0.0 Mobile Safari/537.36"
189.40.68.120 - - [13/Nov/2024:20:05:15 -0300] "GET / HTTP/1.1" 200 1103 "-" "Mozilla/5.0 (Linux; Android 10; K) AppleWebKit/537.36 (KHTML, like Gecko) Chrome/130.0.0.0 Mobile Safari/537.36"
201.22.7.43 - - [13/Nov/2024:20:05:16 -0300] "GET /profile.php?name=Matheus%20Camargo HTTP/1.1" 200 2273 "http://mentorlink.myvnc.com/result.php?area=desenvolvimento" "Mozilla/5.0 (Windows NT 10.0; Win64; x64) AppleWebKit/537.36 (KHTML, like Gecko) Chrome/128.0.0.0 Safari/537.36 OPR/114.0.0.0"
189.40.68.120 - - [13/Nov/2024:20:05:16 -0300] "GET /css/style.css HTTP/1.1" 200 2059 "https://mentorlink.myvnc.com/" "Mozilla/5.0 (Linux; Android 10; K) AppleWebKit/537.36 (KHTML, like Gecko) Chrome/130.0.0.0 Mobile Safari/537.36"
200.208.79.82 - - [13/Nov/2024:20:05:16 -0300] "GET /img/lock.png HTTP/1.1" 200 5395 "http://mentorlink.myvnc.com/profile.php?name=Matheus%20Camargo" "Mozilla/5.0 (Windows NT 10.0; Win64; x64) AppleWebKit/537.36 (KHTML, like Gecko) Chrome/128.0.0.0 Safari/537.36 OPR/114.0.0.0"
201.22.7.43 - - [13/Nov/2024:20:05:17 -0300] "GET /img/portfolio-matheus-camargo.jpg HTTP/1.1" 200 718271 "http://mentorlink.myvnc.com/profile.php?name=Matheus%20Camargo" "Mozilla/5.0 (Windows NT 10.0; Win64; x64) AppleWebKit/537.36 (KHTML, like Gecko) Chrome/128.0.0.0 Safari/537.36 OPR/114.0.0.0"
189.40.68.120 - - [13/Nov/2024:20:05:17 -0300] "GET /img/logo-background.png HTTP/1.1" 200 277222 "https://mentorlink.myvnc.com/css/style.css" "Mozilla/5.0 (Linux; Android 10; K) AppleWebKit/537.36 (KHTML, like Gecko) Chrome/130.0.0.0 Mobile Safari/537.36"
189.40.68.120 - - [13/Nov/2024:20:05:18 -0300] "GET /img/icon.png HTTP/1.1" 200 207395 "https://mentorlink.myvnc.com/" "Mozilla/5.0 (Linux; Android 10; K) AppleWebKit/537.36 (KHTML, like Gecko) Chrome/130.0.0.0 Mobile Safari/537.36"
189.40.68.120 - - [13/Nov/2024:20:05:19 -0300] "GET /preform.php HTTP/1.1" 200 846 "https://mentorlink.myvnc.com/" "Mozilla/5.0 (Linux; Android 10; K) AppleWebKit/537.36 (KHTML, like Gecko) Chrome/130.0.0.0 Mobile Safari/537.36"
189.40.68.120 - - [13/Nov/2024:20:05:20 -0300] "GET /form.php HTTP/1.1" 200 1602 "https://mentorlink.myvnc.com/preform.php" "Mozilla/5.0 (Linux; Android 10; K) AppleWebKit/537.36 (KHTML, like Gecko) Chrome/130.0.0.0 Mobile Safari/537.36"
189.40.68.120 - - [13/Nov/2024:20:06:02 -0300] "POST /processa_form.php HTTP/1.1" 302 5 "https://mentorlink.myvnc.com/form.php" "Mozilla/5.0 (Linux; Android 10; K) AppleWebKit/537.36 (KHTML, like Gecko) Chrome/130.0.0.0 Mobile Safari/537.36"
189.40.68.120 - - [13/Nov/2024:20:06:02 -0300] "GET /form.php HTTP/1.1" 200 1602 "https://mentorlink.myvnc.com/form.php" "Mozilla/5.0 (Linux; Android 10; K) AppleWebKit/537.36 (KHTML, like Gecko) Chrome/130.0.0.0 Mobile Safari/537.36"
189.40.68.161 - - [13/Nov/2024:20:07:35 -0300] "GET / HTTP/1.1" 200 1103 "-" "Mozilla/5.0 (iPhone; CPU iPhone OS 17_2_1 like Mac OS X) AppleWebKit/605.1.15 (KHTML, like Gecko) Version/17.2 Mobile/15E148 Safari/604.1"
189.40.68.161 - - [13/Nov/2024:20:07:38 -0300] "GET /preform.php HTTP/1.1" 200 846 "https://mentorlink.myvnc.com/" "Mozilla/5.0 (iPhone; CPU iPhone OS 17_2_1 like Mac OS X) AppleWebKit/605.1.15 (KHTML, like Gecko) Version/17.2 Mobile/15E148 Safari/604.1"
189.40.68.161 - - [13/Nov/2024:20:07:39 -0300] "GET /form.php HTTP/1.1" 200 1602 "https://mentorlink.myvnc.com/preform.php" "Mozilla/5.0 (iPhone; CPU iPhone OS 17_2_1 like Mac OS X) AppleWebKit/605.1.15 (KHTML, like Gecko) Version/17.2 Mobile/15E148 Safari/604.1"
189.40.68.161 - - [13/Nov/2024:20:07:52 -0300] "POST /processa_form.php HTTP/1.1" 302 5 "https://mentorlink.myvnc.com/form.php" "Mozilla/5.0 (iPhone; CPU iPhone OS 17_2_1 like Mac OS X) AppleWebKit/605.1.15 (KHTML, like Gecko) Version/17.2 Mobile/15E148 Safari/604.1"
189.40.68.161 - - [13/Nov/2024:20:07:53 -0300] "GET /result.php?area=desenvolvimento HTTP/1.1" 200 1150 "https://mentorlink.myvnc.com/form.php" "Mozilla/5.0 (iPhone; CPU iPhone OS 17_2_1 like Mac OS X) AppleWebKit/605.1.15 (KHTML, like Gecko) Version/17.2 Mobile/15E148 Safari/604.1"
189.40.68.161 - - [13/Nov/2024:20:07:53 -0300] "GET /img/matheus-camargo.png HTTP/1.1" 200 213319 "https://mentorlink.myvnc.com/result.php?area=desenvolvimento" "Mozilla/5.0 (iPhone; CPU iPhone OS 17_2_1 like Mac OS X) AppleWebKit/605.1.15 (KHTML, like Gecko) Version/17.2 Mobile/15E148 Safari/604.1"
189.40.68.161 - - [13/Nov/2024:20:07:54 -0300] "GET /img/ana-monica.png HTTP/1.1" 200 182581 "https://mentorlink.myvnc.com/result.php?area=desenvolvimento" "Mozilla/5.0 (iPhone; CPU iPhone OS 17_2_1 like Mac OS X) AppleWebKit/605.1.15 (KHTML, like Gecko) Version/17.2 Mobile/15E148 Safari/604.1"
189.40.68.161 - - [13/Nov/2024:20:08:13 -0300] "POST /processa_form.php HTTP/1.1" 302 5 "https://mentorlink.myvnc.com/form.php" "Mozilla/5.0 (iPhone; CPU iPhone OS 17_2_1 like Mac OS X) AppleWebKit/605.1.15 (KHTML, like Gecko) Version/17.2 Mobile/15E148 Safari/604.1"
189.40.68.161 - - [13/Nov/2024:20:08:13 -0300] "GET /form.php HTTP/1.1" 200 1602 "https://mentorlink.myvnc.com/form.php" "Mozilla/5.0 (iPhone; CPU iPhone OS 17_2_1 like Mac OS X) AppleWebKit/605.1.15 (KHTML, like Gecko) Version/17.2 Mobile/15E148 Safari/604.1"
189.40.68.161 - - [13/Nov/2024:20:08:25 -0300] "POST /processa_form.php HTTP/1.1" 302 5 "https://mentorlink.myvnc.com/form.php" "Mozilla/5.0 (iPhone; CPU iPhone OS 17_2_1 like Mac OS X) AppleWebKit/605.1.15 (KHTML, like Gecko) Version/17.2 Mobile/15E148 Safari/604.1"
189.40.68.161 - - [13/Nov/2024:20:08:25 -0300] "GET /form.php HTTP/1.1" 200 1602 "https://mentorlink.myvnc.com/form.php" "Mozilla/5.0 (iPhone; CPU iPhone OS 17_2_1 like Mac OS X) AppleWebKit/605.1.15 (KHTML, like Gecko) Version/17.2 Mobile/15E148 Safari/604.1"
189.40.68.161 - - [13/Nov/2024:20:08:41 -0300] "POST /processa_form.php HTTP/1.1" 302 5 "https://mentorlink.myvnc.com/form.php" "Mozilla/5.0 (iPhone; CPU iPhone OS 17_2_1 like Mac OS X) AppleWebKit/605.1.15 (KHTML, like Gecko) Version/17.2 Mobile/15E148 Safari/604.1"
189.40.68.161 - - [13/Nov/2024:20:08:42 -0300] "GET /result.php?area=redes HTTP/1.1" 200 1160 "https://mentorlink.myvnc.com/form.php" "Mozilla/5.0 (iPhone; CPU iPhone OS 17_2_1 like Mac OS X) AppleWebKit/605.1.15 (KHTML, like Gecko) Version/17.2 Mobile/15E148 Safari/604.1"
189.40.68.161 - - [13/Nov/2024:20:08:42 -0300] "GET /img/bernardo-carvalho.png HTTP/1.1" 200 191069 "https://mentorlink.myvnc.com/result.php?area=redes" "Mozilla/5.0 (iPhone; CPU iPhone OS 17_2_1 like Mac OS X) AppleWebKit/605.1.15 (KHTML, like Gecko) Version/17.2 Mobile/15E148 Safari/604.1"
189.40.68.161 - - [13/Nov/2024:20:08:42 -0300] "GET /img/ricardo-santos.png HTTP/1.1" 200 108799 "https://mentorlink.myvnc.com/result.php?area=redes" "Mozilla/5.0 (iPhone; CPU iPhone OS 17_2_1 like Mac OS X) AppleWebKit/605.1.15 (KHTML, like Gecko) Version/17.2 Mobile/15E148 Safari/604.1"
177.51.195.21 - - [13/Nov/2024:20:14:09 -0300] "GET / HTTP/1.1" 200 1103 "-" "Mozilla/5.0 (Linux; Android 10; K) AppleWebKit/537.36 (KHTML, like Gecko) SamsungBrowser/27.0 Chrome/125.0.0.0 Mobile Safari/537.36"
177.51.195.21 - - [13/Nov/2024:20:14:10 -0300] "GET /css/style.css HTTP/1.1" 200 2059 "https://mentorlink.myvnc.com/" "Mozilla/5.0 (Linux; Android 10; K) AppleWebKit/537.36 (KHTML, like Gecko) SamsungBrowser/27.0 Chrome/125.0.0.0 Mobile Safari/537.36"
177.51.195.21 - - [13/Nov/2024:20:14:10 -0300] "GET /img/logo-background.png HTTP/1.1" 200 277222 "https://mentorlink.myvnc.com/css/style.css" "Mozilla/5.0 (Linux; Android 10; K) AppleWebKit/537.36 (KHTML, like Gecko) SamsungBrowser/27.0 Chrome/125.0.0.0 Mobile Safari/537.36"
177.51.195.21 - - [13/Nov/2024:20:14:11 -0300] "GET /img/icon.png HTTP/1.1" 200 207395 "https://mentorlink.myvnc.com/" "Mozilla/5.0 (Linux; Android 10; K) AppleWebKit/537.36 (KHTML, like Gecko) SamsungBrowser/27.0 Chrome/125.0.0.0 Mobile Safari/537.36"
34.140.35.166 - - [13/Nov/2024:20:17:24 -0300] "GET / HTTP/1.1" 200 1103 "-" "python-requests/2.32.3"
177.51.195.170 - - [13/Nov/2024:20:20:59 -0300] "GET / HTTP/1.1" 200 1103 "-" "Mozilla/5.0 (Windows NT 10.0; Win64; x64) AppleWebKit/537.36 (KHTML, like Gecko) Chrome/130.0.0.0 Safari/537.36"
177.51.195.170 - - [13/Nov/2024:20:21:38 -0300] "GET / HTTP/1.1" 200 1103 "-" "Mozilla/5.0 (Windows NT 10.0; Win64; x64) AppleWebKit/537.36 (KHTML, like Gecko) Chrome/130.0.0.0 Safari/537.36"
177.51.195.170 - - [13/Nov/2024:20:26:12 -0300] "GET / HTTP/1.1" 200 1103 "-" "Mozilla/5.0 (Windows NT 10.0; Win64; x64) AppleWebKit/537.36 (KHTML, like Gecko) Chrome/130.0.0.0 Safari/537.36"
104.28.63.101 - - [13/Nov/2024:20:29:29 -0300] "GET /apple-touch-icon-precomposed.png HTTP/1.1" 404 134 "-" "NetworkingExtension/8619.1.26.30.5 Network/4277.2.5 iOS/18.0"
104.28.63.137 - - [13/Nov/2024:20:29:29 -0300] "GET /favicon.ico HTTP/1.1" 404 134 "-" "NetworkingExtension/8619.1.26.30.5 Network/4277.2.5 iOS/18.0"
104.28.63.137 - - [13/Nov/2024:20:29:29 -0300] "GET /apple-touch-icon.png HTTP/1.1" 404 134 "-" "NetworkingExtension/8619.1.26.30.5 Network/4277.2.5 iOS/18.0"
104.28.63.137 - - [13/Nov/2024:20:29:30 -0300] "GET /img/icon.png HTTP/1.1" 200 207395 "-" "NetworkingExtension/8619.1.26.30.5 Network/4277.2.5 iOS/18.0"
141.98.7.248 - - [13/Nov/2024:20:30:27 -0300] "CONNECT 1.1.1.1:443 HTTP/1.1" 400 166 "-" "-"
141.98.7.248 - - [13/Nov/2024:20:30:27 -0300] "CONNECT 1.1.1.1:443 HTTP/1.1" 400 166 "-" "-"
141.98.7.248 - - [13/Nov/2024:20:30:27 -0300] "CONNECT 1.1.1.1:443 HTTP/1.1" 400 166 "-" "-"
210.176.44.217 - - [13/Nov/2024:20:32:45 -0300] "*\xAD\xCC\x8C^\xF2\xD7BO\x8C\xC8\x05A~\xBA\xC93n\xAB\xE9%a\x9E\xDA\x16R\x8F\xCC\x08E\x81\xBD\xFA5r\xB0\xEB(e\xA0\xDD\x19V\x93\xCF\x0CH\x84\xC1\xFC9w\xB2\xEF+g\xA4\xE0\x1CZ\x96\xD2\x0EK\x88\xC3\x00>y\xB6\xF2.k\xA7\xE3!]\x99\xD5\x12N\x8A\xC7" 400 166 "-" "-"
179.68.100.113 - - [13/Nov/2024:20:44:48 -0300] "GET / HTTP/1.1" 200 1103 "-" "Mozilla/5.0 (Linux; Android 10; K) AppleWebKit/537.36 (KHTML, like Gecko) SamsungBrowser/26.0 Chrome/122.0.0.0 Mobile Safari/537.36"
179.68.100.113 - - [13/Nov/2024:20:44:48 -0300] "GET /css/style.css HTTP/1.1" 200 2059 "https://mentorlink.myvnc.com/" "Mozilla/5.0 (Linux; Android 10; K) AppleWebKit/537.36 (KHTML, like Gecko) SamsungBrowser/26.0 Chrome/122.0.0.0 Mobile Safari/537.36"
179.68.100.113 - - [13/Nov/2024:20:44:49 -0300] "GET /img/logo-background.png HTTP/1.1" 200 277222 "https://mentorlink.myvnc.com/css/style.css" "Mozilla/5.0 (Linux; Android 10; K) AppleWebKit/537.36 (KHTML, like Gecko) SamsungBrowser/26.0 Chrome/122.0.0.0 Mobile Safari/537.36"
179.68.100.113 - - [13/Nov/2024:20:44:50 -0300] "GET /img/icon.png HTTP/1.1" 200 207395 "https://mentorlink.myvnc.com/" "Mozilla/5.0 (Linux; Android 10; K) AppleWebKit/537.36 (KHTML, like Gecko) SamsungBrowser/26.0 Chrome/122.0.0.0 Mobile Safari/537.36"
179.68.100.113 - - [13/Nov/2024:20:44:57 -0300] "GET /preform.php HTTP/1.1" 200 846 "https://mentorlink.myvnc.com/" "Mozilla/5.0 (Linux; Android 10; K) AppleWebKit/537.36 (KHTML, like Gecko) SamsungBrowser/26.0 Chrome/122.0.0.0 Mobile Safari/537.36"
194.50.16.198 - - [13/Nov/2024:20:48:33 -0300] "GET / HTTP/1.1" 200 1982 "-" "Linux Gnu (cow)"
154.213.191.23 - - [13/Nov/2024:21:06:41 -0300] "GET / HTTP/1.1" 200 1103 "-" "Mozilla/5.0 (Windows NT 10.0; Win64; x64) AppleWebKit/537.36 (KHTML, like Gecko) Chrome/90.0.4430.85 Safari/537.36 Edg/90.0.818.46"
125.228.118.156 - - [13/Nov/2024:21:11:01 -0300] "GET / HTTP/1.0" 200 1970 "-" "Mozilla/5.0 (Linux; U; Android 4.0.3; ko-kr; LG-L160L Build/IML74K) AppleWebkit/534.30 (KHTML, like Gecko) Version/4.0 Mobile Safari/534.30"
154.213.184.23 - - [13/Nov/2024:21:12:12 -0300] "\x04\x01\x01\xBB-?(\x81\x00" 400 166 "-" "-"
201.66.59.103 - - [13/Nov/2024:21:12:37 -0300] "GET / HTTP/1.1" 200 1103 "-" "Mozilla/5.0 (Windows NT 10.0; Win64; x64) AppleWebKit/537.36 (KHTML, like Gecko) Chrome/130.0.0.0 Safari/537.36"
201.66.59.103 - - [13/Nov/2024:21:12:39 -0300] "GET /logs HTTP/1.1" 301 178 "-" "Mozilla/5.0 (Windows NT 10.0; Win64; x64) AppleWebKit/537.36 (KHTML, like Gecko) Chrome/130.0.0.0 Safari/537.36"
201.66.59.103 - - [13/Nov/2024:21:12:40 -0300] "GET /logs/ HTTP/1.1" 403 196 "-" "Mozilla/5.0 (Windows NT 10.0; Win64; x64) AppleWebKit/537.36 (KHTML, like Gecko) Chrome/130.0.0.0 Safari/537.36"
201.66.59.103 - - [13/Nov/2024:21:12:40 -0300] "GET /favicon.ico HTTP/1.1" 404 196 "https://mentorlink.myvnc.com/logs/" "Mozilla/5.0 (Windows NT 10.0; Win64; x64) AppleWebKit/537.36 (KHTML, like Gecko) Chrome/130.0.0.0 Safari/537.36"
205.210.31.238 - - [13/Nov/2024:21:14:39 -0300] "GET / HTTP/1.0" 200 1970 "-" "Expanse, a Palo Alto Networks company, searches across the global IPv4 space multiple times per day to identify customers&#39; presences on the Internet. If you would like to be excluded from our scans, please send IP addresses/domains to: scaninfo@paloaltonetworks.com"
